Archive member included because of file (symbol)

/home/bitcraze/bin/gcc-arm-none-eabi/bin/../lib/gcc/arm-none-eabi/4.9.3/../../../../arm-none-eabi/lib/armv7e-m/libm.a(lib_a-s_cos.o)
                              bin/imu_cf2.o (cos)
/home/bitcraze/bin/gcc-arm-none-eabi/bin/../lib/gcc/arm-none-eabi/4.9.3/../../../../arm-none-eabi/lib/armv7e-m/libm.a(lib_a-s_sin.o)
                              bin/imu_cf2.o (sin)
/home/bitcraze/bin/gcc-arm-none-eabi/bin/../lib/gcc/arm-none-eabi/4.9.3/../../../../arm-none-eabi/lib/armv7e-m/libm.a(lib_a-s_tan.o)
                              bin/imu_cf2.o (tan)
/home/bitcraze/bin/gcc-arm-none-eabi/bin/../lib/gcc/arm-none-eabi/4.9.3/../../../../arm-none-eabi/lib/armv7e-m/libm.a(lib_a-w_asin.o)
                              bin/sensfusion6.o (asin)
/home/bitcraze/bin/gcc-arm-none-eabi/bin/../lib/gcc/arm-none-eabi/4.9.3/../../../../arm-none-eabi/lib/armv7e-m/libm.a(lib_a-w_atan2.o)
                              bin/sensfusion6.o (atan2)
/home/bitcraze/bin/gcc-arm-none-eabi/bin/../lib/gcc/arm-none-eabi/4.9.3/../../../../arm-none-eabi/lib/armv7e-m/libm.a(lib_a-w_pow.o)
                              bin/lps25h.o (pow)
/home/bitcraze/bin/gcc-arm-none-eabi/bin/../lib/gcc/arm-none-eabi/4.9.3/../../../../arm-none-eabi/lib/armv7e-m/libm.a(lib_a-w_sqrt.o)
                              bin/imu_cf2.o (sqrt)
/home/bitcraze/bin/gcc-arm-none-eabi/bin/../lib/gcc/arm-none-eabi/4.9.3/../../../../arm-none-eabi/lib/armv7e-m/libm.a(lib_a-e_asin.o)
                              /home/bitcraze/bin/gcc-arm-none-eabi/bin/../lib/gcc/arm-none-eabi/4.9.3/../../../../arm-none-eabi/lib/armv7e-m/libm.a(lib_a-w_asin.o) (__ieee754_asin)
/home/bitcraze/bin/gcc-arm-none-eabi/bin/../lib/gcc/arm-none-eabi/4.9.3/../../../../arm-none-eabi/lib/armv7e-m/libm.a(lib_a-e_atan2.o)
                              /home/bitcraze/bin/gcc-arm-none-eabi/bin/../lib/gcc/arm-none-eabi/4.9.3/../../../../arm-none-eabi/lib/armv7e-m/libm.a(lib_a-w_atan2.o) (__ieee754_atan2)
/home/bitcraze/bin/gcc-arm-none-eabi/bin/../lib/gcc/arm-none-eabi/4.9.3/../../../../arm-none-eabi/lib/armv7e-m/libm.a(lib_a-e_pow.o)
                              /home/bitcraze/bin/gcc-arm-none-eabi/bin/../lib/gcc/arm-none-eabi/4.9.3/../../../../arm-none-eabi/lib/armv7e-m/libm.a(lib_a-w_pow.o) (__ieee754_pow)
/home/bitcraze/bin/gcc-arm-none-eabi/bin/../lib/gcc/arm-none-eabi/4.9.3/../../../../arm-none-eabi/lib/armv7e-m/libm.a(lib_a-e_rem_pio2.o)
                              /home/bitcraze/bin/gcc-arm-none-eabi/bin/../lib/gcc/arm-none-eabi/4.9.3/../../../../arm-none-eabi/lib/armv7e-m/libm.a(lib_a-s_cos.o) (__ieee754_rem_pio2)
/home/bitcraze/bin/gcc-arm-none-eabi/bin/../lib/gcc/arm-none-eabi/4.9.3/../../../../arm-none-eabi/lib/armv7e-m/libm.a(lib_a-e_sqrt.o)
                              /home/bitcraze/bin/gcc-arm-none-eabi/bin/../lib/gcc/arm-none-eabi/4.9.3/../../../../arm-none-eabi/lib/armv7e-m/libm.a(lib_a-w_sqrt.o) (__ieee754_sqrt)
/home/bitcraze/bin/gcc-arm-none-eabi/bin/../lib/gcc/arm-none-eabi/4.9.3/../../../../arm-none-eabi/lib/armv7e-m/libm.a(lib_a-k_cos.o)
                              /home/bitcraze/bin/gcc-arm-none-eabi/bin/../lib/gcc/arm-none-eabi/4.9.3/../../../../arm-none-eabi/lib/armv7e-m/libm.a(lib_a-s_cos.o) (__kernel_cos)
/home/bitcraze/bin/gcc-arm-none-eabi/bin/../lib/gcc/arm-none-eabi/4.9.3/../../../../arm-none-eabi/lib/armv7e-m/libm.a(lib_a-k_rem_pio2.o)
                              /home/bitcraze/bin/gcc-arm-none-eabi/bin/../lib/gcc/arm-none-eabi/4.9.3/../../../../arm-none-eabi/lib/armv7e-m/libm.a(lib_a-e_rem_pio2.o) (__kernel_rem_pio2)
/home/bitcraze/bin/gcc-arm-none-eabi/bin/../lib/gcc/arm-none-eabi/4.9.3/../../../../arm-none-eabi/lib/armv7e-m/libm.a(lib_a-k_sin.o)
                              /home/bitcraze/bin/gcc-arm-none-eabi/bin/../lib/gcc/arm-none-eabi/4.9.3/../../../../arm-none-eabi/lib/armv7e-m/libm.a(lib_a-s_cos.o) (__kernel_sin)
/home/bitcraze/bin/gcc-arm-none-eabi/bin/../lib/gcc/arm-none-eabi/4.9.3/../../../../arm-none-eabi/lib/armv7e-m/libm.a(lib_a-k_tan.o)
                              /home/bitcraze/bin/gcc-arm-none-eabi/bin/../lib/gcc/arm-none-eabi/4.9.3/../../../../arm-none-eabi/lib/armv7e-m/libm.a(lib_a-s_tan.o) (__kernel_tan)
/home/bitcraze/bin/gcc-arm-none-eabi/bin/../lib/gcc/arm-none-eabi/4.9.3/../../../../arm-none-eabi/lib/armv7e-m/libm.a(lib_a-s_atan.o)
                              /home/bitcraze/bin/gcc-arm-none-eabi/bin/../lib/gcc/arm-none-eabi/4.9.3/../../../../arm-none-eabi/lib/armv7e-m/libm.a(lib_a-e_atan2.o) (atan)
/home/bitcraze/bin/gcc-arm-none-eabi/bin/../lib/gcc/arm-none-eabi/4.9.3/../../../../arm-none-eabi/lib/armv7e-m/libm.a(lib_a-s_fabs.o)
                              /home/bitcraze/bin/gcc-arm-none-eabi/bin/../lib/gcc/arm-none-eabi/4.9.3/../../../../arm-none-eabi/lib/armv7e-m/libm.a(lib_a-w_asin.o) (fabs)
/home/bitcraze/bin/gcc-arm-none-eabi/bin/../lib/gcc/arm-none-eabi/4.9.3/../../../../arm-none-eabi/lib/armv7e-m/libm.a(lib_a-s_finite.o)
[...]
Memory Configuration

Name             Origin             Length             Attributes
RAM              0x20000000         0x00020000         xrw
FLASH            0x08004000         0x000fc000         xr
FLASHPATCH       0x00000000         0x00000000         r
ENDFLASH         0x00000000         0x00000000         xr
FLASHB1          0x00000000         0x00000000         xr
EXTMEMB0         0x00000000         0x00000000         xr
EXTMEMB1         0x00000000         0x00000000         xr
EXTMEMB2         0x00000000         0x00000000         xr
EXTMEMB3         0x00000000         0x00000000         xr
*default*        0x00000000         0xffffffff

Linker script and memory map

LOAD /home/bitcraze/bin/gcc-arm-none-eabi/bin/../lib/gcc/arm-none-eabi/4.9.3/armv7e-m/crti.o
LOAD /home/bitcraze/bin/gcc-arm-none-eabi/bin/../lib/gcc/arm-none-eabi/4.9.3/armv7e-m/crtbegin.o
LOAD /home/bitcraze/bin/gcc-arm-none-eabi/bin/../lib/gcc/arm-none-eabi/4.9.3/../../../../arm-none-eabi/lib/armv7e-m/crt0.o
LOAD bin/startup_stm32f40xx.o
LOAD bin/system_stm32f4xx.o
LOAD bin/list.o
LOAD bin/tasks.o
LOAD bin/queue.o
LOAD bin/timers.o
LOAD bin/heap_4.o
LOAD bin/port.o
LOAD bin/stm32f4xx_adc.o
LOAD bin/stm32f4xx_dbgmcu.o
LOAD bin/stm32f4xx_dma.o
LOAD bin/stm32f4xx_exti.o
LOAD bin/stm32f4xx_flash.o
LOAD bin/stm32f4xx_gpio.o
LOAD bin/stm32f4xx_i2c.o
LOAD bin/stm32f4xx_iwdg.o
LOAD bin/stm32f4xx_rcc.o
LOAD bin/stm32f4xx_spi.o
LOAD bin/stm32f4xx_tim.o
LOAD bin/stm32f4xx_usart.o
LOAD bin/stm32f4xx_misc.o
LOAD bin/stm32f4xx_syscfg.o
LOAD bin/cpal_hal.o
LOAD bin/cpal_i2c.o
LOAD bin/cpal_usercallback_template.o
LOAD bin/cpal_i2c_hal_stm32f4xx.o
LOAD bin/usb_core.o
LOAD bin/usb_dcd_int.o
LOAD bin/usb_dcd.o
LOAD bin/usbd_ioreq.o
LOAD bin/usbd_req.o
LOAD bin/usbd_core.o
LOAD bin/main.o
LOAD bin/platform_cf2.o
LOAD bin/led.o
LOAD bin/exti.o
LOAD bin/nvic.o
LOAD bin/mpu6500.o
LOAD bin/motors_f405.o
LOAD bin/i2cdev_f405.o
LOAD bin/ws2812.o
LOAD bin/lps25h.o
LOAD bin/ak8963.o
LOAD bin/eeprom.o
LOAD bin/piezo.o
LOAD bin/uart_syslink.o
LOAD bin/swd.o
LOAD bin/usbd_usr.o
LOAD bin/usb_bsp.o
LOAD bin/usblink.o
LOAD bin/usbd_desc.o
LOAD bin/usb.o
LOAD bin/crtp.o
LOAD bin/ledseq.o
LOAD bin/freeRTOSdebug.o
LOAD bin/syslink.o
LOAD bin/imu_cf2.o
LOAD bin/pm_f405.o
LOAD bin/radiolink.o
LOAD bin/ow.o
LOAD bin/system.o
LOAD bin/comm.o
LOAD bin/console.o
LOAD bin/pid.o
LOAD bin/crtpservice.o
LOAD bin/param.o
LOAD bin/mem.o
LOAD bin/platformservice.o
LOAD bin/commander.o
LOAD bin/controller.o
LOAD bin/sensfusion6.o
LOAD bin/stabilizer.o
LOAD bin/buzzer.o
LOAD bin/log.o
LOAD bin/worker.o
LOAD bin/neopixelring.o
LOAD bin/expbrd.o
LOAD bin/exptest.o
LOAD bin/filter.o
LOAD bin/cpuid.o
LOAD bin/cfassert.o
LOAD bin/configblockeeprom.o
LOAD bin/eprintf.o
LOAD bin/crc.o
LOAD bin/fp16.o
LOAD bin/debug.o
LOAD bin/version.o
LOAD /home/bitcraze/bin/gcc-arm-none-eabi/bin/../lib/gcc/arm-none-eabi/4.9.3/../../../../arm-none-eabi/lib/armv7e-m/libm.a
START GROUP
LOAD /home/bitcraze/bin/gcc-arm-none-eabi/bin/../lib/gcc/arm-none-eabi/4.9.3/armv7e-m/libgcc.a
LOAD /home/bitcraze/bin/gcc-arm-none-eabi/bin/../lib/gcc/arm-none-eabi/4.9.3/../../../../arm-none-eabi/lib/armv7e-m/libc.a
END GROUP
LOAD /home/bitcraze/bin/gcc-arm-none-eabi/bin/../lib/gcc/arm-none-eabi/4.9.3/armv7e-m/crtend.o
LOAD /home/bitcraze/bin/gcc-arm-none-eabi/bin/../lib/gcc/arm-none-eabi/4.9.3/armv7e-m/crtn.o
                0x00000400                __Stack_Size = 0x400
                0x00000400                PROVIDE (_Stack_Size, __Stack_Size)
                0x2001fbff                __Stack_Init = (_estack - __Stack_Size)
                0x2001fbff                PROVIDE (_Stack_Init, __Stack_Init)
                0x00000100                _Minimum_Stack_Size = 0x100
                0x00000000                PROVIDE (Undefined_Handler, 0x0)
                0x00000000                PROVIDE (SWI_Handler, 0x0)
                0x00000000                PROVIDE (IRQ_Handler, 0x0)
                0x00000000                PROVIDE (Prefetch_Handler, 0x0)
                0x00000000                PROVIDE (Abort_Handler, 0x0)
                0x00000000                PROVIDE (FIQ_Handler, 0x0)
                0x00000000                PROVIDE (NMIException, 0x0)
                0x00000000                PROVIDE (NMI_Handler, 0x0)
                0x00000000                PROVIDE (HardFaultException, 0x0)
                0x00000000                PROVIDE (HardFault_Handler, 0x0)
                0x00000000                PROVIDE (MemManageException, 0x0)
                0x00000000                PROVIDE (MemManage_Handler, 0x0)
                0x00000000                PROVIDE (BusFaultException, 0x0)
                0x00000000                PROVIDE (BusFault_Handler, 0x0)
                0x00000000                PROVIDE (UsageFaultException, 0x0)
                0x00000000                PROVIDE (UsageFault_Handler, 0x0)
                0x00000000                PROVIDE (SVCHandler, 0x0)
                0x00000000                PROVIDE (SVC_Handler, 0x0)
                0x00000000                PROVIDE (DebugMonitor, 0x0)
                0x00000000                PROVIDE (DebugMon_Handler, 0x0)
                0x00000000                PROVIDE (PendSVC, 0x0)
                0x00000000                PROVIDE (PendSV_Handler, 0x0)
                0x00000000                PROVIDE (SysTickHandler, 0x0)
                0x00000000                PROVIDE (SysTick_Handler, 0x0)
                0x00000000                PROVIDE (WWDG_IRQHandler, 0x0)
                0x00000000                PROVIDE (PVD_IRQHandler, 0x0)
                0x00000000                PROVIDE (TAMPER_IRQHandler, 0x0)
                0x00000000                PROVIDE (RTC_IRQHandler, 0x0)
                0x00000000                PROVIDE (FLASH_IRQHandler, 0x0)
                0x00000000                PROVIDE (RCC_IRQHandler, 0x0)
                0x00000000                PROVIDE (EXTI0_IRQHandler, 0x0)
                0x00000000                PROVIDE (EXTI1_IRQHandler, 0x0)
                0x00000000                PROVIDE (EXTI2_IRQHandler, 0x0)
                0x00000000                PROVIDE (EXTI3_IRQHandler, 0x0)
                0x00000000                PROVIDE (EXTI4_IRQHandler, 0x0)
                0x00000000                PROVIDE (DMAChannel1_IRQHandler, 0x0)
                0x00000000                PROVIDE (DMAChannel2_IRQHandler, 0x0)
                0x00000000                PROVIDE (DMAChannel3_IRQHandler, 0x0)
                0x00000000                PROVIDE (DMAChannel4_IRQHandler, 0x0)
                0x00000000                PROVIDE (DMAChannel5_IRQHandler, 0x0)
                0x00000000                PROVIDE (DMAChannel6_IRQHandler, 0x0)
                0x00000000                PROVIDE (DMAChannel7_IRQHandler, 0x0)
                0x00000000                PROVIDE (DMA1_Channel1_IRQHandler, 0x0)
                0x00000000                PROVIDE (DMA1_Channel2_IRQHandler, 0x0)
                0x00000000                PROVIDE (DMA1_Channel3_IRQHandler, 0x0)
                0x00000000                PROVIDE (DMA1_Channel4_IRQHandler, 0x0)
                0x00000000                PROVIDE (DMA1_Channel5_IRQHandler, 0x0)
                0x00000000                PROVIDE (DMA1_Channel6_IRQHandler, 0x0)
                0x00000000                PROVIDE (DMA1_Channel7_IRQHandler, 0x0)
                0x00000000                PROVIDE (ADC_IRQHandler, 0x0)
                0x00000000                PROVIDE (ADC1_2_IRQHandler, 0x0)
                0x00000000                PROVIDE (USB_HP_CAN_TX_IRQHandler, 0x0)
                0x00000000                PROVIDE (USB_HP_CAN1_TX_IRQHandler, 0x0)
                0x00000000                PROVIDE (USB_LP_CAN_RX0_IRQHandler, 0x0)
                0x00000000                PROVIDE (USB_LP_CAN1_RX0_IRQHandler, 0x0)
                0x00000000                PROVIDE (CAN_RX1_IRQHandler, 0x0)
                0x00000000                PROVIDE (CAN1_RX1_IRQHandler, 0x0)
                0x00000000                PROVIDE (CAN_SCE_IRQHandler, 0x0)
                0x00000000                PROVIDE (CAN1_SCE_IRQHandler, 0x0)
                0x00000000                PROVIDE (EXTI9_5_IRQHandler, 0x0)
                0x00000000                PROVIDE (TIM1_BRK_IRQHandler, 0x0)
                0x00000000                PROVIDE (TIM1_UP_IRQHandler, 0x0)
                0x00000000                PROVIDE (TIM1_TRG_COM_IRQHandler, 0x0)
                0x00000000                PROVIDE (TIM1_CC_IRQHandler, 0x0)
                0x00000000                PROVIDE (TIM2_IRQHandler, 0x0)
                0x00000000                PROVIDE (TIM3_IRQHandler, 0x0)
                0x00000000                PROVIDE (TIM4_IRQHandler, 0x0)
                0x00000000                PROVIDE (I2C1_EV_IRQHandler, 0x0)
                0x00000000                PROVIDE (I2C1_ER_IRQHandler, 0x0)
                0x00000000                PROVIDE (I2C2_EV_IRQHandler, 0x0)
                0x00000000                PROVIDE (I2C2_ER_IRQHandler, 0x0)
                0x00000000                PROVIDE (SPI1_IRQHandler, 0x0)
                0x00000000                PROVIDE (SPI2_IRQHandler, 0x0)
                0x00000000                PROVIDE (USART1_IRQHandler, 0x0)
                0x00000000                PROVIDE (USART2_IRQHandler, 0x0)
                0x00000000                PROVIDE (USART3_IRQHandler, 0x0)
                0x00000000                PROVIDE (EXTI15_10_IRQHandler, 0x0)
                0x00000000                PROVIDE (RTCAlarm_IRQHandler, 0x0)
                0x00000000                PROVIDE (USBWakeUp_IRQHandler, 0x0)
                0x00000000                PROVIDE (TIM8_BRK_IRQHandler, 0x0)
                0x00000000                PROVIDE (TIM8_UP_IRQHandler, 0x0)
                0x00000000                PROVIDE (TIM8_TRG_COM_IRQHandler, 0x0)
                0x00000000                PROVIDE (TIM8_CC_IRQHandler, 0x0)
                0x00000000                PROVIDE (ADC3_IRQHandler, 0x0)
                0x00000000                PROVIDE (FSMC_IRQHandler, 0x0)
                0x00000000                PROVIDE (SDIO_IRQHandler, 0x0)
                0x00000000                PROVIDE (TIM5_IRQHandler, 0x0)
                0x00000000                PROVIDE (SPI3_IRQHandler, 0x0)
                0x00000000                PROVIDE (UART4_IRQHandler, 0x0)
                0x00000000                PROVIDE (UART5_IRQHandler, 0x0)
                0x00000000                PROVIDE (TIM6_IRQHandler, 0x0)
                0x00000000                PROVIDE (TIM7_IRQHandler, 0x0)
                0x00000000                PROVIDE (DMA2_Channel1_IRQHandler, 0x0)
                0x00000000                PROVIDE (DMA2_Channel2_IRQHandler, 0x0)
                0x00000000                PROVIDE (DMA2_Channel3_IRQHandler, 0x0)
                0x00000000                PROVIDE (DMA2_Channel4_5_IRQHandler, 0x0)
                0x42000000                PERIPH_BB_BASE = 0x42000000
                0x22000000                SRAM_BB_BASE = 0x22000000
                0x20000000                SRAM_BASE = 0x20000000
                0x40000000                PERIPH_BASE = 0x40000000
                0x40022000                PROVIDE (FLASH_BASE, 0x40022000)
                0x1ffff800                PROVIDE (OB_BASE, 0x1ffff800)
                0x40000000                APB1PERIPH_BASE = PERIPH_BASE
                0x40010000                APB2PERIPH_BASE = (PERIPH_BASE + 0x10000)
                0x40020000                AHBPERIPH_BASE = (PERIPH_BASE + 0x20000)
                0x40000000                PROVIDE (TIM2, (APB1PERIPH_BASE + 0x0))
                0x40000400                PROVIDE (TIM3, (APB1PERIPH_BASE + 0x400))
                0x40000800                PROVIDE (TIM4, (APB1PERIPH_BASE + 0x800))
                0x40002800                PROVIDE (RTC, (APB1PERIPH_BASE + 0x2800))
                0x40002c00                PROVIDE (WWDG, (APB1PERIPH_BASE + 0x2c00))
                0x40003000                PROVIDE (IWDG, (APB1PERIPH_BASE + 0x3000))
                0x40003800                PROVIDE (SPI2, (APB1PERIPH_BASE + 0x3800))
                0x40004400                PROVIDE (USART2, (APB1PERIPH_BASE + 0x4400))
                0x40004800                PROVIDE (USART3, (APB1PERIPH_BASE + 0x4800))
                0x40005400                PROVIDE (I2C1, (APB1PERIPH_BASE + 0x5400))
                0x40005800                PROVIDE (I2C2, (APB1PERIPH_BASE + 0x5800))
                0x40006400                PROVIDE (CAN, (APB1PERIPH_BASE + 0x6400))
                0x40006c00                PROVIDE (BKP, (APB1PERIPH_BASE + 0x6c00))
                0x40007000                PROVIDE (PWR, (APB1PERIPH_BASE + 0x7000))
                0x40010000                PROVIDE (AFIO, (APB2PERIPH_BASE + 0x0))
                0x40010400                PROVIDE (EXTI, (APB2PERIPH_BASE + 0x400))
                0x40010800                PROVIDE (GPIOA, (APB2PERIPH_BASE + 0x800))
                0x40010c00                PROVIDE (GPIOB, (APB2PERIPH_BASE + 0xc00))
                0x40011000                PROVIDE (GPIOC, (APB2PERIPH_BASE + 0x1000))
                0x40011400                PROVIDE (GPIOD, (APB2PERIPH_BASE + 0x1400))
                0x40011800                PROVIDE (GPIOE, (APB2PERIPH_BASE + 0x1800))
                0x40012400                PROVIDE (ADC1, (APB2PERIPH_BASE + 0x2400))
                0x40012800                PROVIDE (ADC2, (APB2PERIPH_BASE + 0x2800))
                0x40012c00                PROVIDE (TIM1, (APB2PERIPH_BASE + 0x2c00))
                0x40013000                PROVIDE (SPI1, (APB2PERIPH_BASE + 0x3000))
                0x40013800                PROVIDE (USART1, (APB2PERIPH_BASE + 0x3800))
                0x40020000                PROVIDE (DMA, (AHBPERIPH_BASE + 0x0))
                0x40020008                PROVIDE (DMA_Channel1, (AHBPERIPH_BASE + 0x8))
                0x4002001c                PROVIDE (DMA_Channel2, (AHBPERIPH_BASE + 0x1c))
                0x40020030                PROVIDE (DMA_Channel3, (AHBPERIPH_BASE + 0x30))
                0x40020044                PROVIDE (DMA_Channel4, (AHBPERIPH_BASE + 0x44))
                0x40020058                PROVIDE (DMA_Channel5, (AHBPERIPH_BASE + 0x58))
                0x4002006c                PROVIDE (DMA_Channel6, (AHBPERIPH_BASE + 0x6c))
                0x40020080                PROVIDE (DMA_Channel7, (AHBPERIPH_BASE + 0x80))
                0x40021000                PROVIDE (RCC, (AHBPERIPH_BASE + 0x1000))
                0xe000e000                SCS_BASE = 0xe000e000
                0xe000e010                PROVIDE (SysTick, (SCS_BASE + 0x10))
                0xe000e100                PROVIDE (NVIC, (SCS_BASE + 0x100))
                0xe000ed00                PROVIDE (SCB, (SCS_BASE + 0xd00))
                0x2001ffff                _estack = 0x2001ffff

.isr_vector     0x08004000      0x188
                0x08004000                . = ALIGN (0x4)
 *(.isr_vector)
 .isr_vector    0x08004000      0x188 bin/startup_stm32f40xx.o
                0x08004000                g_pfnVectors
                0x08004188                . = ALIGN (0x4)

.flashtext      0x08004188        0x0
                0x08004188                . = ALIGN (0x4)
 *(.flashtext)
                0x08004188                . = ALIGN (0x4)

.text           0x080041a0    0x12cc4
                0x080041a0                . = ALIGN (0x4)
 *(.text)
 .text          0x080041a0      0x370 /home/bitcraze/bin/gcc-arm-none-eabi/bin/../lib/gcc/arm-none-eabi/4.9.3/armv7e-m/libgcc.a(_arm_addsubdf3.o)
                0x080041a0                __aeabi_drsub
                0x080041a8                __aeabi_dsub
                0x080041a8                __subdf3
                0x080041ac                __adddf3
                0x080041ac                __aeabi_dadd
                0x08004424                __aeabi_ui2d
                0x08004424                __floatunsidf
                0x08004444                __floatsidf
                0x08004444                __aeabi_i2d
                0x08004468                __extendsfdf2
                0x08004468                __aeabi_f2d
                0x080044a4                __aeabi_ul2d
                0x080044a4                __floatundidf
                0x080044b4                __floatdidf
                0x080044b4                __aeabi_l2d
 .text          0x08004510      0x424 /home/bitcraze/bin/gcc-arm-none-eabi/bin/../lib/gcc/arm-none-eabi/4.9.3/armv7e-m/libgcc.a(_arm_muldivdf3.o)
                0x08004510                __aeabi_dmul
                0x08004510                __muldf3
                0x08004764                __aeabi_ddiv
                0x08004764                __divdf3
 .text          0x08004934      0x110 /home/bitcraze/bin/gcc-arm-none-eabi/bin/../lib/gcc/arm-none-eabi/4.9.3/armv7e-m/libgcc.a(_arm_cmpdf2.o)
                0x08004934                __gtdf2
                0x08004934                __gedf2
                0x0800493c                __ltdf2
                0x0800493c                __ledf2
                0x08004944                __cmpdf2
                0x08004944                __eqdf2
                0x08004944                __nedf2
                0x080049c0                __aeabi_cdrcmple
                0x080049d0                __aeabi_cdcmple
                0x080049d0                __aeabi_cdcmpeq
                0x080049e0                __aeabi_dcmpeq
                0x080049f4                __aeabi_dcmplt
                0x08004a08                __aeabi_dcmple
                0x08004a1c                __aeabi_dcmpge
                0x08004a30                __aeabi_dcmpgt
 .text          0x08004a44       0x50 /home/bitcraze/bin/gcc-arm-none-eabi/bin/../lib/gcc/arm-none-eabi/4.9.3/armv7e-m/libgcc.a(_arm_fixdfsi.o)
                0x08004a44                __fixdfsi
                0x08004a44                __aeabi_d2iz
 .text          0x08004a94       0xa0 /home/bitcraze/bin/gcc-arm-none-eabi/bin/../lib/gcc/arm-none-eabi/4.9.3/armv7e-m/libgcc.a(_arm_truncdfsf2.o)
                0x08004a94                __aeabi_d2f
                0x08004a94                __truncdfsf2
 .text          0x08004b34      0x21c /home/bitcraze/bin/gcc-arm-none-eabi/bin/../lib/gcc/arm-none-eabi/4.9.3/armv7e-m/libgcc.a(_arm_addsubsf3.o)
                0x08004b34                __aeabi_frsub
                0x08004b3c                __subsf3
                0x08004b3c                __aeabi_fsub
                0x08004b40                __aeabi_fadd
                0x08004b40                __addsf3
                0x08004ca0                __aeabi_ui2f
                0x08004ca0                __floatunsisf
                0x08004ca8                __aeabi_i2f
                0x08004ca8                __floatsisf
                0x08004cc4                __floatundisf
                0x08004cc4                __aeabi_ul2f
                0x08004cd4                __floatdisf
                0x08004cd4                __aeabi_l2f
 .text          0x08004d50      0x2a0 /home/bitcraze/bin/gcc-arm-none-eabi/bin/../lib/gcc/arm-none-eabi/4.9.3/armv7e-m/libgcc.a(_arm_muldivsf3.o)
                0x08004d50                __mulsf3
                0x08004d50                __aeabi_fmul
                0x08004eb8                __divsf3
                0x08004eb8                __aeabi_fdiv
 .text          0x08004ff0       0xec /home/bitcraze/bin/gcc-arm-none-eabi/bin/../lib/gcc/arm-none-eabi/4.9.3/armv7e-m/libgcc.a(_arm_cmpsf2.o)
                0x08004ff0                __gtsf2
                0x08004ff0                __gesf2
                0x08004ff8                __lesf2
                0x08004ff8                __ltsf2
                0x08005000                __nesf2
                0x08005000                __eqsf2
                0x08005000                __cmpsf2
                0x08005060                __aeabi_cfrcmple
                0x08005068                __aeabi_cfcmple
                0x08005068                __aeabi_cfcmpeq
                0x08005078                __aeabi_fcmpeq
                0x0800508c                __aeabi_fcmplt
                0x080050a0                __aeabi_fcmple
                0x080050b4                __aeabi_fcmpge
                0x080050c8                __aeabi_fcmpgt
 .text          0x080050dc       0x4c /home/bitcraze/bin/gcc-arm-none-eabi/bin/../lib/gcc/arm-none-eabi/4.9.3/armv7e-m/libgcc.a(_arm_fixsfsi.o)
                0x080050dc                __fixsfsi
                0x080050dc                __aeabi_f2iz
 .text          0x08005128       0x40 /home/bitcraze/bin/gcc-arm-none-eabi/bin/../lib/gcc/arm-none-eabi/4.9.3/armv7e-m/libgcc.a(_arm_fixunssfsi.o)
                0x08005128                __aeabi_f2uiz
                0x08005128                __fixunssfsi
 .text          0x08005168       0x38 /home/bitcraze/bin/gcc-arm-none-eabi/bin/../lib/gcc/arm-none-eabi/4.9.3/armv7e-m/libgcc.a(_aeabi_ldivmod.o)
                0x08005168                __aeabi_ldivmod
 .text          0x080051a0       0x60 /home/bitcraze/bin/gcc-arm-none-eabi/bin/../lib/gcc/arm-none-eabi/4.9.3/armv7e-m/libgcc.a(bpabi.o)
                0x080051a0                __gnu_ldivmod_helper
                0x080051d0                __gnu_uldivmod_helper
 .text          0x08005200        0x4 /home/bitcraze/bin/gcc-arm-none-eabi/bin/../lib/gcc/arm-none-eabi/4.9.3/armv7e-m/libgcc.a(_dvmd_tls.o)
                0x08005200                __aeabi_ldiv0
                0x08005200                __aeabi_idiv0
 .text          0x08005204      0x29c /home/bitcraze/bin/gcc-arm-none-eabi/bin/../lib/gcc/arm-none-eabi/4.9.3/armv7e-m/libgcc.a(_divdi3.o)
                0x08005204                __divdi3
 .text          0x080054a0      0x26c /home/bitcraze/bin/gcc-arm-none-eabi/bin/../lib/gcc/arm-none-eabi/4.9.3/armv7e-m/libgcc.a(_udivdi3.o)
                0x080054a0                __udivdi3
 .text          0x0800570c      0x134 /home/bitcraze/bin/gcc-arm-none-eabi/bin/../lib/gcc/arm-none-eabi/4.9.3/../../../../arm-none-eabi/lib/armv7e-m/libc.a(lib_a-memcpy.o)
                0x0800570c                memcpy
 .text          0x08005840      0x2e0 /home/bitcraze/bin/gcc-arm-none-eabi/bin/../lib/gcc/arm-none-eabi/4.9.3/../../../../arm-none-eabi/lib/armv7e-m/libc.a(lib_a-strcmp.o)
                0x08005848                strcmp
 *(.text.*)
 .text.Reset_Handler
                0x08005b20       0x44 bin/startup_stm32f40xx.o
                0x08005b20                Reset_Handler
 .text.Default_Handler
                0x08005b64        0x2 bin/startup_stm32f40xx.o
                0x08005b64                RTC_Alarm_IRQHandler
                0x08005b64                HASH_RNG_IRQHandler
                0x08005b64                EXTI2_IRQHandler
                0x08005b64                TIM8_CC_IRQHandler
                0x08005b64                TIM1_CC_IRQHandler
                0x08005b64                DMA2_Stream5_IRQHandler
                0x08005b64                PVD_IRQHandler
                0x08005b64                SDIO_IRQHandler
                0x08005b64                TAMP_STAMP_IRQHandler
                0x08005b64                CAN2_RX1_IRQHandler
                0x08005b64                EXTI3_IRQHandler
                0x08005b64                TIM8_TRG_COM_TIM14_IRQHandler
                0x08005b64                TIM1_UP_TIM10_IRQHandler
                0x08005b64                TIM8_UP_TIM13_IRQHandler
                0x08005b64                EXTI0_IRQHandler
                0x08005b64                I2C2_EV_IRQHandler
                0x08005b64                CAN1_RX0_IRQHandler
                0x08005b64                FPU_IRQHandler
                0x08005b64                OTG_HS_WKUP_IRQHandler
                0x08005b64                CAN2_SCE_IRQHandler
                0x08005b64                DMA2_Stream2_IRQHandler
                0x08005b64                SPI1_IRQHandler
                0x08005b64                TIM6_DAC_IRQHandler
                0x08005b64                TIM1_BRK_TIM9_IRQHandler
                0x08005b64                DCMI_IRQHandler
                0x08005b64                CAN2_RX0_IRQHandler
                0x08005b64                DMA2_Stream3_IRQHandler
                0x08005b64                USART3_IRQHandler
                0x08005b64                CRYP_IRQHandler
                0x08005b64                CAN1_RX1_IRQHandler
                0x08005b64                UART5_IRQHandler
                0x08005b64                DMA2_Stream0_IRQHandler
                0x08005b64                TIM4_IRQHandler
                0x08005b64                DMA1_Stream1_IRQHandler
                0x08005b64                TIM3_IRQHandler
                0x08005b64                RCC_IRQHandler
                0x08005b64                TIM8_BRK_TIM12_IRQHandler
                0x08005b64                Default_Handler
                0x08005b64                ADC_IRQHandler
                0x08005b64                DMA1_Stream7_IRQHandler
                0x08005b64                TIM7_IRQHandler
                0x08005b64                CAN2_TX_IRQHandler
                0x08005b64                TIM5_IRQHandler
                0x08005b64                EXTI9_5_IRQHandler
                0x08005b64                RTC_WKUP_IRQHandler
                0x08005b64                ETH_WKUP_IRQHandler
                0x08005b64                SPI2_IRQHandler
                0x08005b64                OTG_HS_EP1_IN_IRQHandler
                0x08005b64                CAN1_TX_IRQHandler
                0x08005b64                FSMC_IRQHandler
                0x08005b64                ETH_IRQHandler
                0x08005b64                OTG_HS_EP1_OUT_IRQHandler
                0x08005b64                WWDG_IRQHandler
                0x08005b64                OTG_FS_WKUP_IRQHandler
                0x08005b64                TIM1_TRG_COM_TIM11_IRQHandler
                0x08005b64                OTG_HS_IRQHandler
                0x08005b64                EXTI1_IRQHandler
                0x08005b64                I2C2_ER_IRQHandler
                0x08005b64                DMA2_Stream1_IRQHandler
                0x08005b64                CAN1_SCE_IRQHandler
                0x08005b64                FLASH_IRQHandler
                0x08005b64                DMA2_Stream4_IRQHandler
                0x08005b64                USART1_IRQHandler
                0x08005b64                SPI3_IRQHandler
                0x08005b64                DMA2_Stream6_IRQHandler
                0x08005b64                DMA1_Stream3_IRQHandler
 *fill*         0x08005b66        0x2 
 .text.SystemInit
                0x08005b68       0xdc bin/system_stm32f4xx.o
                0x08005b68                SystemInit
 .text.vListInitialise
                0x08005c44       0x16 bin/list.o
                0x08005c44                vListInitialise
 .text.vListInitialiseItem
                0x08005c5a        0x6 bin/list.o
                0x08005c5a                vListInitialiseItem
 .text.vListInsertEnd
                0x08005c60       0x1c bin/list.o
                0x08005c60                vListInsertEnd
 .text.vListInsert
                0x08005c7c       0x30 bin/list.o
                0x08005c7c                vListInsert
 .text.uxListRemove
                0x08005cac       0x26 bin/list.o
                0x08005cac                uxListRemove
 .text.prvIdleTask
                0x08005cd2        0x8 bin/tasks.o
 *fill*         0x08005cda        0x2 
 .text.prvAddCurrentTaskToDelayedList
                0x08005cdc       0x50 bin/tasks.o
 .text.debugPrintTCBInfo
                0x08005d2c       0x44 bin/tasks.o
                0x08005d2c                debugPrintTCBInfo
 .text.xTaskGenericCreate
                0x08005d70      0x218 bin/tasks.o
                0x08005d70                xTaskGenericCreate
 .text.vTaskStartScheduler
                0x08005f88       0x70 bin/tasks.o
                0x08005f88                vTaskStartScheduler
 .text.vTaskSuspendAll
                0x08005ff8       0x10 bin/tasks.o
                0x08005ff8                vTaskSuspendAll
 .text.xTaskGetTickCount
                0x08006008       0x18 bin/tasks.o
                0x08006008                xTaskGetTickCount
 .text.vTaskIncrementTick
                0x08006020       0xe8 bin/tasks.o
                0x08006020                vTaskIncrementTick
 .text.xTaskResumeAll
                0x08006108       0xd8 bin/tasks.o
                0x08006108                xTaskResumeAll
 .text.vTaskDelayUntil
                0x080061e0       0x88 bin/tasks.o
                0x080061e0                vTaskDelayUntil
 .text.vTaskDelay
                0x08006268       0x3c bin/tasks.o
                0x08006268                vTaskDelay
 .text.vTaskSetApplicationTaskTag
                0x080062a4       0x20 bin/tasks.o
                0x080062a4                vTaskSetApplicationTaskTag
 .text.vTaskSwitchContext
                0x080062c4       0x94 bin/tasks.o
                0x080062c4                vTaskSwitchContext
 .text.vTaskPlaceOnEventList
                0x08006358       0x48 bin/tasks.o
                0x08006358                vTaskPlaceOnEventList
 .text.vTaskPlaceOnEventListRestricted
                0x080063a0       0x48 bin/tasks.o
                0x080063a0                vTaskPlaceOnEventListRestricted
 .text.xTaskRemoveFromEventList
                0x080063e8       0x78 bin/tasks.o
                0x080063e8                xTaskRemoveFromEventList
 .text.vTaskSetTimeOutState
                0x08006460       0x30 bin/tasks.o
                0x08006460                vTaskSetTimeOutState
 .text.xTaskCheckForTimeOut
                0x08006490       0x78 bin/tasks.o
                0x08006490                xTaskCheckForTimeOut
 .text.vTaskMissedYield
                0x08006508        0xc bin/tasks.o
                0x08006508                vTaskMissedYield
 .text.xTaskGetCurrentTaskHandle
                0x08006514        0xc bin/tasks.o
                0x08006514                xTaskGetCurrentTaskHandle
 .text.xTaskGetSchedulerState
                0x08006520       0x1c bin/tasks.o
                0x08006520                xTaskGetSchedulerState
 .text.vTaskPriorityInherit
                0x0800653c       0x68 bin/tasks.o
                0x0800653c                vTaskPriorityInherit
 .text.vTaskPriorityDisinherit
                0x080065a4       0x48 bin/tasks.o
                0x080065a4                vTaskPriorityDisinherit
 .text.prvCopyDataToQueue
                0x080065ec       0x58 bin/queue.o
 .text.prvCopyDataFromQueue
                0x08006644       0x26 bin/queue.o
 .text.prvUnlockQueue
                0x0800666a       0x64 bin/queue.o
 *fill*         0x080066ce        0x2 
 .text.xQueueGenericReset
                0x080066d0       0x70 bin/queue.o
                0x080066d0                xQueueGenericReset
 .text.xQueueGenericCreate
                0x08006740       0x50 bin/queue.o
                0x08006740                xQueueGenericCreate
 .text.xQueueGenericSend
                0x08006790      0x100 bin/queue.o
                0x08006790                xQueueGenericSend
 .text.xQueueCreateMutex
                0x08006890       0x5c bin/queue.o
                0x08006890                xQueueCreateMutex
 .text.xQueueGenericSendFromISR
                0x080068ec       0x88 bin/queue.o
                0x080068ec                xQueueGenericSendFromISR
 .text.xQueueGenericReceive
                0x08006974      0x134 bin/queue.o
                0x08006974                xQueueGenericReceive
 .text.xQueueReceiveFromISR
                0x08006aa8       0x84 bin/queue.o
                0x08006aa8                xQueueReceiveFromISR
 .text.uxQueueMessagesWaiting
                0x08006b2c       0x28 bin/queue.o
                0x08006b2c                uxQueueMessagesWaiting
 .text.vQueueWaitForMessageRestricted
                0x08006b54       0x3a bin/queue.o
                0x08006b54                vQueueWaitForMessageRestricted
 *fill*         0x08006b8e        0x2 
 .text.prvCheckForValidListAndQueue
                0x08006b90       0x4c bin/timers.o
 .text.prvInsertTimerInActiveList
                0x08006bdc       0x3c bin/timers.o
 .text.xTimerCreateTimerTask
                0x08006c18       0x50 bin/timers.o
                0x08006c18                xTimerCreateTimerTask
 .text.xTimerCreate
                0x08006c68       0x4c bin/timers.o
                0x08006c68                xTimerCreate
 .text.xTimerGenericCommand
                0x08006cb4       0x44 bin/timers.o
                0x08006cb4                xTimerGenericCommand
 .text.prvSwitchTimerLists.isra.1
                0x08006cf8       0x78 bin/timers.o
 .text.prvTimerTask
                0x08006d70      0x17c bin/timers.o
 .text.pvTimerGetTimerID
                0x08006eec        0x4 bin/timers.o
                0x08006eec                pvTimerGetTimerID
 .text.prvInsertBlockIntoFreeList
                0x08006ef0       0x4c bin/heap_4.o
 .text.pvPortMalloc
                0x08006f3c       0xb4 bin/heap_4.o
                0x08006f3c                pvPortMalloc
 .text.vPortFree
                0x08006ff0       0x2c bin/heap_4.o
                0x08006ff0                vPortFree
 .text.xPortGetFreeHeapSize
                0x0800701c        0xc bin/heap_4.o
                0x0800701c                xPortGetFreeHeapSize
 .text.prvPortStartFirstTask
                0x08007028       0x14 bin/port.o
 .text.pxPortInitialiseStack
                0x0800703c       0x16 bin/port.o
                0x0800703c                pxPortInitialiseStack
 *fill*         0x08007052        0x2 
 .text.SVC_Handler
                0x08007054       0x20 bin/port.o
                0x08007054                SVC_Handler
 .text.vPortYieldFromISR
                0x08007074       0x10 bin/port.o
                0x08007074                vPortYieldFromISR
 .text.ulPortSetInterruptMask
                0x08007084       0x10 bin/port.o
                0x08007084                ulPortSetInterruptMask
 .text.vPortEnterCritical
                0x08007094       0x14 bin/port.o
                0x08007094                vPortEnterCritical
 .text.vPortClearInterruptMask
                0x080070a8        0x6 bin/port.o
                0x080070a8                vPortClearInterruptMask
 *fill*         0x080070ae        0x2 
 .text.vPortExitCritical
                0x080070b0       0x14 bin/port.o
                0x080070b0                vPortExitCritical
 .text.PendSV_Handler
                0x080070c4       0x3c bin/port.o
                0x080070c4                PendSV_Handler
 .text.tickFreeRTOS
                0x08007100       0x20 bin/port.o
                0x08007100                tickFreeRTOS
 .text.vPortSetupTimerInterrupt
                0x08007120       0x18 bin/port.o
                0x08007120                vPortSetupTimerInterrupt
 .text.xPortStartScheduler
                0x08007138       0x30 bin/port.o
                0x08007138                xPortStartScheduler
 .text.DBGMCU_APB2PeriphConfig
                0x08007168       0x18 bin/stm32f4xx_dbgmcu.o
                0x08007168                DBGMCU_APB2PeriphConfig
 .text.DMA_DeInit
                0x08007180      0x10c bin/stm32f4xx_dma.o
                0x08007180                DMA_DeInit
 .text.DMA_Init
                0x0800728c       0x54 bin/stm32f4xx_dma.o
                0x0800728c                DMA_Init
 .text.DMA_Cmd  0x080072e0       0x12 bin/stm32f4xx_dma.o
                0x080072e0                DMA_Cmd
 .text.DMA_SetCurrDataCounter
                0x080072f2        0x4 bin/stm32f4xx_dma.o
                0x080072f2                DMA_SetCurrDataCounter
 .text.DMA_GetCurrDataCounter
                0x080072f6        0x6 bin/stm32f4xx_dma.o
                0x080072f6                DMA_GetCurrDataCounter
 .text.DMA_GetCmdStatus
                0x080072fc        0x8 bin/stm32f4xx_dma.o
                0x080072fc                DMA_GetCmdStatus
 .text.DMA_ITConfig
                0x08007304       0x3e bin/stm32f4xx_dma.o
                0x08007304                DMA_ITConfig
 *fill*         0x08007342        0x2 
 .text.DMA_GetITStatus
                0x08007344       0x50 bin/stm32f4xx_dma.o
                0x08007344                DMA_GetITStatus
 .text.DMA_ClearITPendingBit
                0x08007394       0x30 bin/stm32f4xx_dma.o
                0x08007394                DMA_ClearITPendingBit
 .text.EXTI_Init
                0x080073c4       0x88 bin/stm32f4xx_exti.o
                0x080073c4                EXTI_Init
 .text.EXTI_ClearFlag
                0x0800744c        0xc bin/stm32f4xx_exti.o
                0x0800744c                EXTI_ClearFlag
 .text.EXTI_GetITStatus
                0x08007458       0x14 bin/stm32f4xx_exti.o
                0x08007458                EXTI_GetITStatus
 .text.EXTI_ClearITPendingBit
                0x0800746c        0xc bin/stm32f4xx_exti.o
                0x0800746c                EXTI_ClearITPendingBit
 .text.GPIO_Init
                0x08007478       0x6c bin/stm32f4xx_gpio.o
                0x08007478                GPIO_Init
 .text.GPIO_ReadInputDataBit
                0x080074e4        0xc bin/stm32f4xx_gpio.o
                0x080074e4                GPIO_ReadInputDataBit
 .text.GPIO_SetBits
                0x080074f0        0x4 bin/stm32f4xx_gpio.o
                0x080074f0                GPIO_SetBits
 .text.GPIO_ResetBits
                0x080074f4        0x4 bin/stm32f4xx_gpio.o
                0x080074f4                GPIO_ResetBits
 .text.GPIO_PinAFConfig
                0x080074f8       0x24 bin/stm32f4xx_gpio.o
                0x080074f8                GPIO_PinAFConfig
 .text.I2C_Init
                0x0800751c       0xd4 bin/stm32f4xx_i2c.o
                0x0800751c                I2C_Init
 .text.RCC_GetClocksFreq
                0x080075f0       0x88 bin/stm32f4xx_rcc.o
                0x080075f0                RCC_GetClocksFreq
 .text.RCC_AHB1PeriphClockCmd
                0x08007678       0x18 bin/stm32f4xx_rcc.o
                0x08007678                RCC_AHB1PeriphClockCmd
 .text.RCC_AHB2PeriphClockCmd
                0x08007690       0x18 bin/stm32f4xx_rcc.o
                0x08007690                RCC_AHB2PeriphClockCmd
 .text.RCC_APB1PeriphClockCmd
                0x080076a8       0x18 bin/stm32f4xx_rcc.o
                0x080076a8                RCC_APB1PeriphClockCmd
 .text.RCC_APB2PeriphClockCmd
                0x080076c0       0x18 bin/stm32f4xx_rcc.o
                0x080076c0                RCC_APB2PeriphClockCmd
 .text.RCC_APB1PeriphResetCmd
                0x080076d8       0x18 bin/stm32f4xx_rcc.o
                0x080076d8                RCC_APB1PeriphResetCmd
 .text.TIM_TimeBaseInit
                0x080076f0       0x7c bin/stm32f4xx_tim.o
                0x080076f0                TIM_TimeBaseInit
 .text.TIM_PrescalerConfig
                0x0800776c        0x6 bin/stm32f4xx_tim.o
                0x0800776c                TIM_PrescalerConfig
 .text.TIM_Cmd  0x08007772       0x18 bin/stm32f4xx_tim.o
                0x08007772                TIM_Cmd
 *fill*         0x0800778a        0x2 
 .text.TIM_OC1Init
                0x0800778c       0x70 bin/stm32f4xx_tim.o
                0x0800778c                TIM_OC1Init
 .text.TIM_OC2Init
                0x080077fc       0x88 bin/stm32f4xx_tim.o
                0x080077fc                TIM_OC2Init
 .text.TIM_OC3Init
                0x08007884       0x84 bin/stm32f4xx_tim.o
                0x08007884                TIM_OC3Init
 .text.TIM_OC4Init
                0x08007908       0x68 bin/stm32f4xx_tim.o
                0x08007908                TIM_OC4Init
 .text.TIM_SetCompare1
                0x08007970        0x4 bin/stm32f4xx_tim.o
                0x08007970                TIM_SetCompare1
 .text.TIM_SetCompare2
                0x08007974        0x4 bin/stm32f4xx_tim.o
                0x08007974                TIM_SetCompare2
 .text.TIM_SetCompare3
                0x08007978        0x4 bin/stm32f4xx_tim.o
                0x08007978                TIM_SetCompare3
 .text.TIM_SetCompare4
                0x0800797c        0x4 bin/stm32f4xx_tim.o
                0x0800797c                TIM_SetCompare4
 .text.TIM_OC1PreloadConfig
                0x08007980       0x10 bin/stm32f4xx_tim.o
                0x08007980                TIM_OC1PreloadConfig
 .text.TIM_OC2PreloadConfig
                0x08007990       0x14 bin/stm32f4xx_tim.o
                0x08007990                TIM_OC2PreloadConfig
 .text.TIM_OC3PreloadConfig
                0x080079a4       0x10 bin/stm32f4xx_tim.o
                0x080079a4                TIM_OC3PreloadConfig
 .text.TIM_OC4PreloadConfig
                0x080079b4       0x14 bin/stm32f4xx_tim.o
                0x080079b4                TIM_OC4PreloadConfig
 .text.TIM_CtrlPWMOutputs
                0x080079c8       0x1c bin/stm32f4xx_tim.o
                0x080079c8                TIM_CtrlPWMOutputs
 .text.TIM_DMACmd
                0x080079e4       0x12 bin/stm32f4xx_tim.o
                0x080079e4                TIM_DMACmd
 *fill*         0x080079f6        0x2 
 .text.USART_Init
                0x080079f8       0xb4 bin/stm32f4xx_usart.o
                0x080079f8                USART_Init
 .text.USART_Cmd
                0x08007aac       0x18 bin/stm32f4xx_usart.o
                0x08007aac                USART_Cmd
 .text.USART_SendData
                0x08007ac4        0x8 bin/stm32f4xx_usart.o
                0x08007ac4                USART_SendData
 .text.USART_ReceiveData
                0x08007acc        0x8 bin/stm32f4xx_usart.o
                0x08007acc                USART_ReceiveData
 .text.USART_DMACmd
                0x08007ad4       0x12 bin/stm32f4xx_usart.o
                0x08007ad4                USART_DMACmd
 .text.USART_ITConfig
                0x08007ae6       0x32 bin/stm32f4xx_usart.o
                0x08007ae6                USART_ITConfig
 .text.USART_ClearFlag
                0x08007b18        0x8 bin/stm32f4xx_usart.o
                0x08007b18                USART_ClearFlag
 .text.USART_GetITStatus
                0x08007b20       0x3e bin/stm32f4xx_usart.o
                0x08007b20                USART_GetITStatus
 .text.USART_ClearITPendingBit
                0x08007b5e        0xe bin/stm32f4xx_usart.o
                0x08007b5e                USART_ClearITPendingBit
 .text.NVIC_PriorityGroupConfig
                0x08007b6c       0x14 bin/stm32f4xx_misc.o
                0x08007b6c                NVIC_PriorityGroupConfig
 .text.NVIC_Init
                0x08007b80       0x6c bin/stm32f4xx_misc.o
                0x08007b80                NVIC_Init
 .text.CPAL_HAL_NVICInit
                0x08007bec        0x8 bin/cpal_hal.o
                0x08007bec                CPAL_HAL_NVICInit
 .text.CPAL_I2C_Timeout
                0x08007bf4       0x12 bin/cpal_i2c.o
 *fill*         0x08007c06        0x2 
 .text.CPAL_I2C_Init
                0x08007c08      0x104 bin/cpal_i2c.o
                0x08007c08                CPAL_I2C_Init
 .text.CPAL_I2C_StructInit
                0x08007d0c       0x48 bin/cpal_i2c.o
                0x08007d0c                CPAL_I2C_StructInit
 .text.CPAL_I2C_ER_IRQHandler
                0x08007d54      0x118 bin/cpal_i2c.o
                0x08007d54                CPAL_I2C_ER_IRQHandler
 .text.CPAL_I2C_DMA_TX_IRQHandler
                0x08007e6c      0x194 bin/cpal_i2c.o
                0x08007e6c                CPAL_I2C_DMA_TX_IRQHandler
 .text.CPAL_I2C_DMA_RX_IRQHandler
                0x08008000      0x170 bin/cpal_i2c.o
                0x08008000                CPAL_I2C_DMA_RX_IRQHandler
 .text.tickI2C  0x08008170       0x48 bin/cpal_i2c.o
                0x08008170                tickI2C
 .text.CPAL_I2C_Enable_DMA_IT
                0x080081b8       0xc8 bin/cpal_i2c.o
                0x080081b8                CPAL_I2C_Enable_DMA_IT
 .text.CPAL_I2C_Write
                0x08008280       0xac bin/cpal_i2c.o
                0x08008280                CPAL_I2C_Write
 .text.CPAL_I2C_Read
                0x0800832c      0x244 bin/cpal_i2c.o
                0x0800832c                CPAL_I2C_Read
 .text.CPAL_I2C_EV_IRQHandler
                0x08008570      0x55c bin/cpal_i2c.o
                0x08008570                CPAL_I2C_EV_IRQHandler
 .text.CPAL_TIMEOUT_UserCallback
                0x08008acc        0x4 bin/cpal_usercallback_template.o
                0x08008acc                CPAL_TIMEOUT_UserCallback
 .text.CPAL_I2C_HAL_CLKInit
                0x08008ad0       0x28 bin/cpal_i2c_hal_stm32f4xx.o
                0x08008ad0                CPAL_I2C_HAL_CLKInit
 .text.CPAL_I2C_HAL_CLKDeInit
                0x08008af8       0x28 bin/cpal_i2c_hal_stm32f4xx.o
                0x08008af8                CPAL_I2C_HAL_CLKDeInit
 .text.CPAL_I2C_HAL_GPIOInit
                0x08008b20       0xc0 bin/cpal_i2c_hal_stm32f4xx.o
                0x08008b20                CPAL_I2C_HAL_GPIOInit
 .text.CPAL_I2C_HAL_GPIODeInit
                0x08008be0       0x50 bin/cpal_i2c_hal_stm32f4xx.o
                0x08008be0                CPAL_I2C_HAL_GPIODeInit
 .text.CPAL_I2C_HAL_DMAInit
                0x08008c30       0x90 bin/cpal_i2c_hal_stm32f4xx.o
                0x08008c30                CPAL_I2C_HAL_DMAInit
 .text.CPAL_I2C_HAL_DMATXConfig
                0x08008cc0       0x4c bin/cpal_i2c_hal_stm32f4xx.o
                0x08008cc0                CPAL_I2C_HAL_DMATXConfig
 .text.CPAL_I2C_HAL_DMARXConfig
                0x08008d0c       0x4c bin/cpal_i2c_hal_stm32f4xx.o
                0x08008d0c                CPAL_I2C_HAL_DMARXConfig
 .text.CPAL_I2C_HAL_DMADeInit
                0x08008d58       0x30 bin/cpal_i2c_hal_stm32f4xx.o
                0x08008d58                CPAL_I2C_HAL_DMADeInit
 .text.CPAL_I2C_HAL_ITInit
                0x08008d88      0x140 bin/cpal_i2c_hal_stm32f4xx.o
                0x08008d88                CPAL_I2C_HAL_ITInit
 .text.I2C1_EV_IRQHandler
                0x08008ec8        0xc bin/cpal_i2c_hal_stm32f4xx.o
                0x08008ec8                I2C1_EV_IRQHandler
 .text.I2C1_ER_IRQHandler
                0x08008ed4       0x10 bin/cpal_i2c_hal_stm32f4xx.o
                0x08008ed4                I2C1_ER_IRQHandler
 .text.DMA1_Stream6_IRQHandler
                0x08008ee4        0xc bin/cpal_i2c_hal_stm32f4xx.o
                0x08008ee4                DMA1_Stream6_IRQHandler
 .text.DMA1_Stream0_IRQHandler
                0x08008ef0        0xc bin/cpal_i2c_hal_stm32f4xx.o
                0x08008ef0                DMA1_Stream0_IRQHandler
 .text.I2C3_EV_IRQHandler
                0x08008efc        0xc bin/cpal_i2c_hal_stm32f4xx.o
                0x08008efc                I2C3_EV_IRQHandler
 .text.I2C3_ER_IRQHandler
                0x08008f08       0x10 bin/cpal_i2c_hal_stm32f4xx.o
                0x08008f08                I2C3_ER_IRQHandler
 .text.DMA1_Stream4_IRQHandler
                0x08008f18        0xc bin/cpal_i2c_hal_stm32f4xx.o
                0x08008f18                DMA1_Stream4_IRQHandler
 .text.DMA1_Stream2_IRQHandler
                0x08008f24        0xc bin/cpal_i2c_hal_stm32f4xx.o
                0x08008f24                DMA1_Stream2_IRQHandler
 .text.USB_OTG_CoreReset.isra.1
                0x08008f30       0x50 bin/usb_core.o
 .text.USB_OTG_WritePacket
                0x08008f80       0x26 bin/usb_core.o
                0x08008f80                USB_OTG_WritePacket
 .text.USB_OTG_ReadPacket
                0x08008fa6       0x20 bin/usb_core.o
                0x08008fa6                USB_OTG_ReadPacket
 *fill*         0x08008fc6        0x2 
 .text.USB_OTG_SelectCore
                0x08008fc8       0xcc bin/usb_core.o
                0x08008fc8                USB_OTG_SelectCore
 .text.USB_OTG_CoreInit
                0x08009094       0x92 bin/usb_core.o
                0x08009094                USB_OTG_CoreInit
 .text.USB_OTG_EnableGlobalInt
                0x08009126        0xe bin/usb_core.o
                0x08009126                USB_OTG_EnableGlobalInt
 .text.USB_OTG_DisableGlobalInt
                0x08009134        0xe bin/usb_core.o
                0x08009134                USB_OTG_DisableGlobalInt
 *fill*         0x08009142        0x2 
 .text.USB_OTG_FlushTxFifo
                0x08009144       0x48 bin/usb_core.o
                0x08009144                USB_OTG_FlushTxFifo
 .text.USB_OTG_FlushRxFifo
                0x0800918c       0x38 bin/usb_core.o
                0x0800918c                USB_OTG_FlushRxFifo
 .text.USB_OTG_SetCurrentMode
                0x080091c4       0x2a bin/usb_core.o
                0x080091c4                USB_OTG_SetCurrentMode
 .text.USB_OTG_IsDeviceMode
                0x080091ee        0xe bin/usb_core.o
                0x080091ee                USB_OTG_IsDeviceMode
 .text.USB_OTG_ReadCoreItr
                0x080091fc        0xa bin/usb_core.o
                0x080091fc                USB_OTG_ReadCoreItr
 .text.USB_OTG_InitDevSpeed
                0x08009206        0xc bin/usb_core.o
                0x08009206                USB_OTG_InitDevSpeed
 *fill*         0x08009212        0x2 
 .text.USB_OTG_EnableDevInt
                0x08009214       0x48 bin/usb_core.o
                0x08009214                USB_OTG_EnableDevInt
 .text.USB_OTG_CoreInitDev
                0x0800925c      0x114 bin/usb_core.o
                0x0800925c                USB_OTG_CoreInitDev
 .text.USB_OTG_GetDeviceSpeed
                0x08009370       0x20 bin/usb_core.o
                0x08009370                USB_OTG_GetDeviceSpeed
 .text.USB_OTG_EP0Activate
                0x08009390       0x2a bin/usb_core.o
                0x08009390                USB_OTG_EP0Activate
 .text.USB_OTG_EPActivate
                0x080093ba       0x5e bin/usb_core.o
                0x080093ba                USB_OTG_EPActivate
 .text.USB_OTG_EPDeactivate
                0x08009418       0x46 bin/usb_core.o
                0x08009418                USB_OTG_EPDeactivate
 .text.USB_OTG_EPStartXfer
                0x0800945e      0x108 bin/usb_core.o
                0x0800945e                USB_OTG_EPStartXfer
 .text.USB_OTG_EP0StartXfer
                0x08009566       0xde bin/usb_core.o
                0x08009566                USB_OTG_EP0StartXfer
 .text.USB_OTG_EPSetStall
                0x08009644       0x28 bin/usb_core.o
                0x08009644                USB_OTG_EPSetStall
 .text.USB_OTG_EPClearStall
                0x0800966c       0x2a bin/usb_core.o
                0x0800966c                USB_OTG_EPClearStall
 .text.USB_OTG_ReadDevAllOutEp_itr
                0x08009696        0xc bin/usb_core.o
                0x08009696                USB_OTG_ReadDevAllOutEp_itr
 .text.USB_OTG_ReadDevOutEP_itr
                0x080096a2       0x10 bin/usb_core.o
                0x080096a2                USB_OTG_ReadDevOutEP_itr
 .text.USB_OTG_ReadDevAllInEPItr
                0x080096b2        0xc bin/usb_core.o
                0x080096b2                USB_OTG_ReadDevAllInEPItr
 .text.USB_OTG_EP0_OutStart
                0x080096be       0x42 bin/usb_core.o
                0x080096be                USB_OTG_EP0_OutStart
 .text.USBD_OTG_ISR_Handler
                0x08009700      0x46c bin/usb_dcd_int.o
                0x08009700                USBD_OTG_ISR_Handler
 .text.DCD_Init
                0x08009b6c       0x9e bin/usb_dcd.o
                0x08009b6c                DCD_Init
 .text.DCD_EP_Open
                0x08009c0a       0x42 bin/usb_dcd.o
                0x08009c0a                DCD_EP_Open
 .text.DCD_EP_Close
                0x08009c4c       0x30 bin/usb_dcd.o
                0x08009c4c                DCD_EP_Close
 .text.DCD_EP_PrepareRx
                0x08009c7c       0x4e bin/usb_dcd.o
                0x08009c7c                DCD_EP_PrepareRx
 .text.DCD_EP_Tx
                0x08009cca       0x40 bin/usb_dcd.o
                0x08009cca                DCD_EP_Tx
 .text.DCD_EP_Stall
                0x08009d0a       0x34 bin/usb_dcd.o
                0x08009d0a                DCD_EP_Stall
 .text.DCD_EP_ClrStall
                0x08009d3e       0x34 bin/usb_dcd.o
                0x08009d3e                DCD_EP_ClrStall
 .text.DCD_EP_SetAddress
                0x08009d72       0x12 bin/usb_dcd.o
                0x08009d72                DCD_EP_SetAddress
 .text.USBD_CtlSendData
                0x08009d84       0x22 bin/usbd_ioreq.o
                0x08009d84                USBD_CtlSendData
 .text.USBD_CtlContinueSendData
                0x08009da6       0x12 bin/usbd_ioreq.o
                0x08009da6                USBD_CtlContinueSendData
 .text.USBD_CtlContinueRx
                0x08009db8       0x12 bin/usbd_ioreq.o
                0x08009db8                USBD_CtlContinueRx
 .text.USBD_CtlSendStatus
                0x08009dca       0x1e bin/usbd_ioreq.o
                0x08009dca                USBD_CtlSendStatus
 .text.USBD_CtlReceiveStatus
                0x08009de8       0x1e bin/usbd_ioreq.o
                0x08009de8                USBD_CtlReceiveStatus
 .text.USBD_ParseSetupRequest
                0x08009e06       0x44 bin/usbd_req.o
                0x08009e06                USBD_ParseSetupRequest
 .text.USBD_CtlError
                0x08009e4a       0x1c bin/usbd_req.o
                0x08009e4a                USBD_CtlError
 *fill*         0x08009e66        0x2 
 .text.USBD_StdDevReq
                0x08009e68      0x258 bin/usbd_req.o
                0x08009e68                USBD_StdDevReq
 .text.USBD_StdItfReq
                0x0800a0c0       0x30 bin/usbd_req.o
                0x0800a0c0                USBD_StdItfReq
 .text.USBD_StdEPReq
                0x0800a0f0       0xc0 bin/usbd_req.o
                0x0800a0f0                USBD_StdEPReq
 .text.USBD_GetString
                0x0800a1b0       0x3a bin/usbd_req.o
                0x0800a1b0                USBD_GetString
 .text.USBD_Resume
                0x0800a1ea       0x16 bin/usbd_core.o
 .text.USBD_Suspend
                0x0800a200       0x1c bin/usbd_core.o
 .text.USBD_SOF
                0x0800a21c       0x10 bin/usbd_core.o
 .text.USBD_IsoINIncomplete
                0x0800a22c        0xe bin/usbd_core.o
 .text.USBD_IsoOUTIncomplete
                0x0800a23a        0xe bin/usbd_core.o
 .text.USBD_Reset
                0x0800a248       0x2e bin/usbd_core.o
 .text.USBD_SetupStage
                0x0800a276       0x4a bin/usbd_core.o
 .text.USBD_DataInStage
                0x0800a2c0       0xb8 bin/usbd_core.o
 .text.USBD_DataOutStage
                0x0800a378       0x76 bin/usbd_core.o
 .text.USBD_Init
                0x0800a3ee       0x38 bin/usbd_core.o
                0x0800a3ee                USBD_Init
 .text.USBD_SetCfg
                0x0800a426       0x18 bin/usbd_core.o
                0x0800a426                USBD_SetCfg
 .text.USBD_ClrCfg
                0x0800a43e        0xe bin/usbd_core.o
                0x0800a43e                USBD_ClrCfg
 .text.startup.main
                0x0800a44c       0x24 bin/main.o
                0x0800a44c                main
 .text.platformInit
                0x0800a470        0xa bin/platform_cf2.o
                0x0800a470                platformInit
 *fill*         0x0800a47a        0x2 
 .text.ledSet.part.0
                0x0800a47c       0x38 bin/led.o
 .text.ledSet   0x0800a4b4        0xa bin/led.o
                0x0800a4b4                ledSet
 *fill*         0x0800a4be        0x2 
 .text.ledInit  0x0800a4c0       0x58 bin/led.o
                0x0800a4c0                ledInit
 .text.ledClearAll
                0x0800a518       0x14 bin/led.o
                0x0800a518                ledClearAll
 .text.ledTest  0x0800a52c       0x64 bin/led.o
                0x0800a52c                ledTest
 .text.extiInterruptHandler
                0x0800a590       0x1c bin/exti.o
                0x0800a590                extiInterruptHandler
 .text.nvicInit
                0x0800a5ac        0x8 bin/nvic.o
                0x0800a5ac                nvicInit
 .text.SysTick_Handler
                0x0800a5b4        0xe bin/nvic.o
                0x0800a5b4                SysTick_Handler
 .text.NMI_Handler
                0x0800a5c2        0x2 bin/nvic.o
                0x0800a5c2                NMI_Handler
 .text.HardFault_Handler
                0x0800a5c4       0x14 bin/nvic.o
                0x0800a5c4                HardFault_Handler
 .text.printHardFault
                0x0800a5d8      0x104 bin/nvic.o
                0x0800a5d8                printHardFault
 .text.MemManage_Handler
                0x0800a6dc        0x2 bin/nvic.o
                0x0800a6dc                MemManage_Handler
 .text.BusFault_Handler
                0x0800a6de        0x2 bin/nvic.o
                0x0800a6de                BusFault_Handler
 .text.UsageFault_Handler
                0x0800a6e0        0x2 bin/nvic.o
                0x0800a6e0                UsageFault_Handler
 .text.DebugMon_Handler
                0x0800a6e2        0x2 bin/nvic.o
                0x0800a6e2                DebugMon_Handler
 .text.TIM2_IRQHandler
                0x0800a6e4        0x2 bin/nvic.o
                0x0800a6e4                TIM2_IRQHandler
 .text.DMA1_Stream5_IRQHandler
                0x0800a6e6        0x4 bin/nvic.o
                0x0800a6e6                DMA1_Stream5_IRQHandler
 .text.DMA2_Stream7_IRQHandler
                0x0800a6ea        0x4 bin/nvic.o
                0x0800a6ea                DMA2_Stream7_IRQHandler
 .text.EXTI15_10_IRQHandler
                0x0800a6ee        0x4 bin/nvic.o
                0x0800a6ee                EXTI15_10_IRQHandler
 .text.EXTI4_IRQHandler
                0x0800a6f2        0x4 bin/nvic.o
                0x0800a6f2                EXTI4_IRQHandler
 .text.USART2_IRQHandler
                0x0800a6f6        0x4 bin/nvic.o
                0x0800a6f6                USART2_IRQHandler
 .text.UART4_IRQHandler
                0x0800a6fa        0x4 bin/nvic.o
                0x0800a6fa                UART4_IRQHandler
 .text.USART6_IRQHandler
                0x0800a6fe        0x4 bin/nvic.o
                0x0800a6fe                USART6_IRQHandler
 *fill*         0x0800a702        0x2 
 .text.OTG_FS_IRQHandler
                0x0800a704        0xc bin/nvic.o
                0x0800a704                OTG_FS_IRQHandler
 .text.mpu6500Init
                0x0800a710       0x24 bin/mpu6500.o
                0x0800a710                mpu6500Init
 .text.mpu6500EvaluateSelfTest
                0x0800a734       0x5c bin/mpu6500.o
                0x0800a734                mpu6500EvaluateSelfTest
 .text.mpu6500SelfTest
                0x0800a790      0x488 bin/mpu6500.o
                0x0800a790                mpu6500SelfTest
 .text.mpu6500SetRate
                0x0800ac18       0x18 bin/mpu6500.o
                0x0800ac18                mpu6500SetRate
 .text.mpu6500SetDLPFMode
                0x0800ac30       0x28 bin/mpu6500.o
                0x0800ac30                mpu6500SetDLPFMode
 .text.mpu6500SetFullScaleGyroRange
                0x0800ac58       0x28 bin/mpu6500.o
                0x0800ac58                mpu6500SetFullScaleGyroRange
 .text.mpu6500SetFullScaleAccelRange
                0x0800ac80       0x28 bin/mpu6500.o
                0x0800ac80                mpu6500SetFullScaleAccelRange
 .text.mpu6500SetI2CBypassEnabled
                0x0800aca8       0x24 bin/mpu6500.o
                0x0800aca8                mpu6500SetI2CBypassEnabled
 .text.mpu6500SetIntEnabled
                0x0800accc       0x18 bin/mpu6500.o
                0x0800accc                mpu6500SetIntEnabled
 .text.mpu6500GetMotion6
                0x0800ace4       0x74 bin/mpu6500.o
                0x0800ace4                mpu6500GetMotion6
 .text.mpu6500Reset
                0x0800ad58       0x24 bin/mpu6500.o
                0x0800ad58                mpu6500Reset
 .text.mpu6500SetSleepEnabled
                0x0800ad7c       0x24 bin/mpu6500.o
                0x0800ad7c                mpu6500SetSleepEnabled
 .text.mpu6500SetTempSensorEnabled
                0x0800ada0       0x28 bin/mpu6500.o
                0x0800ada0                mpu6500SetTempSensorEnabled
 .text.mpu6500SetClockSource
                0x0800adc8       0x28 bin/mpu6500.o
                0x0800adc8                mpu6500SetClockSource
 .text.mpu6500GetDeviceID
                0x0800adf0       0x2c bin/mpu6500.o
                0x0800adf0                mpu6500GetDeviceID
 .text.mpu6500TestConnection
                0x0800ae1c       0x10 bin/mpu6500.o
                0x0800ae1c                mpu6500TestConnection
 .text.motorsInit
                0x0800ae2c      0x1c0 bin/motors_f405.o
                0x0800ae2c                motorsInit
 .text.motorsSetRatio
                0x0800afec       0x34 bin/motors_f405.o
                0x0800afec                motorsSetRatio
 .text.motorsTest
                0x0800b020       0x3c bin/motors_f405.o
                0x0800b020                motorsTest
 .text.i2cdevReleaseSemaphoreI2C1
                0x0800b05c       0x28 bin/i2cdev_f405.o
 .text.i2cdevReleaseSemaphoreI2C3
                0x0800b084       0x28 bin/i2cdev_f405.o
 .text.i2cdevReadTransfer.part.0
                0x0800b0ac       0x54 bin/i2cdev_f405.o
 .text.i2cdevWriteTransfer.part.1
                0x0800b100       0x54 bin/i2cdev_f405.o
 .text.i2cdevRuffLoopDelay.constprop.2
                0x0800b154       0x14 bin/i2cdev_f405.o
 .text.i2cdevInit
                0x0800b168       0x98 bin/i2cdev_f405.o
                0x0800b168                i2cdevInit
 .text.i2cdevRead
                0x0800b200       0x48 bin/i2cdev_f405.o
                0x0800b200                i2cdevRead
 .text.i2cdevReadByte
                0x0800b248       0x10 bin/i2cdev_f405.o
                0x0800b248                i2cdevReadByte
 .text.i2cdevReadBits
                0x0800b258       0x2e bin/i2cdev_f405.o
                0x0800b258                i2cdevReadBits
 .text.i2cdevReadBit
                0x0800b286       0x22 bin/i2cdev_f405.o
                0x0800b286                i2cdevReadBit
 .text.i2cdevRead16
                0x0800b2a8       0x3a bin/i2cdev_f405.o
                0x0800b2a8                i2cdevRead16
 .text.i2cdevWrite
                0x0800b2e2       0x4c bin/i2cdev_f405.o
                0x0800b2e2                i2cdevWrite
 .text.i2cdevWriteByte
                0x0800b32e       0x14 bin/i2cdev_f405.o
                0x0800b32e                i2cdevWriteByte
 .text.i2cdevWriteBit
                0x0800b342       0x3c bin/i2cdev_f405.o
                0x0800b342                i2cdevWriteBit
 .text.i2cdevWriteBits
                0x0800b37e       0x54 bin/i2cdev_f405.o
                0x0800b37e                i2cdevWriteBits
 .text.i2cdevWrite16
                0x0800b3d2       0x3a bin/i2cdev_f405.o
                0x0800b3d2                i2cdevWrite16
 .text.i2cdevUnlockBus
                0x0800b40c       0xb6 bin/i2cdev_f405.o
                0x0800b40c                i2cdevUnlockBus
 *fill*         0x0800b4c2        0x2 
 .text.CPAL_I2C_ERR_UserCallback
                0x0800b4c4       0x14 bin/i2cdev_f405.o
                0x0800b4c4                CPAL_I2C_ERR_UserCallback
 .text.CPAL_I2C_TXTC_UserCallback
                0x0800b4d8       0x20 bin/i2cdev_f405.o
                0x0800b4d8                CPAL_I2C_TXTC_UserCallback
 .text.CPAL_I2C_RXTC_UserCallback
                0x0800b4f8       0x20 bin/i2cdev_f405.o
                0x0800b4f8                CPAL_I2C_RXTC_UserCallback
 .text.fillLed  0x0800b518       0x5c bin/ws2812.o
 .text.ws2812Init
                0x0800b574      0x158 bin/ws2812.o
                0x0800b574                ws2812Init
 .text.ws2812Send
                0x0800b6cc       0x84 bin/ws2812.o
                0x0800b6cc                ws2812Send
 .text.ws2812DmaIsr
                0x0800b750       0xc4 bin/ws2812.o
                0x0800b750                ws2812DmaIsr
 *fill*         0x0800b814        0x4 
 .text.lps25hPressureToAltitude
                0x0800b818       0x80 bin/lps25h.o
                0x0800b818                lps25hPressureToAltitude
 .text.lps25hGetData
                0x0800b898       0x80 bin/lps25h.o
                0x0800b898                lps25hGetData
 .text.ak8963EvaluateSelfTest
                0x0800b918       0x30 bin/ak8963.o
 .text.ak8963Init
                0x0800b948       0x14 bin/ak8963.o
                0x0800b948                ak8963Init
 .text.ak8963TestConnection
                0x0800b95c       0x30 bin/ak8963.o
                0x0800b95c                ak8963TestConnection
 .text.ak8963GetDataReady
                0x0800b98c       0x30 bin/ak8963.o
                0x0800b98c                ak8963GetDataReady
 .text.ak8963GetHeading
                0x0800b9bc       0x4c bin/ak8963.o
                0x0800b9bc                ak8963GetHeading
 .text.ak8963GetOverflowStatus
                0x0800ba08       0x30 bin/ak8963.o
                0x0800ba08                ak8963GetOverflowStatus
 .text.ak8963SetMode
                0x0800ba38       0x18 bin/ak8963.o
                0x0800ba38                ak8963SetMode
 .text.ak8963SetSelfTest
                0x0800ba50       0x24 bin/ak8963.o
                0x0800ba50                ak8963SetSelfTest
 .text.ak8963SelfTest
                0x0800ba74       0xd4 bin/ak8963.o
                0x0800ba74                ak8963SelfTest
 .text.eepromInit
                0x0800bb48       0x24 bin/eeprom.o
                0x0800bb48                eepromInit
 .text.eepromTestConnection
                0x0800bb6c       0x30 bin/eeprom.o
                0x0800bb6c                eepromTestConnection
 .text.eepromTest
                0x0800bb9c       0x28 bin/eeprom.o
                0x0800bb9c                eepromTest
 .text.eepromReadBuffer
                0x0800bbc4       0x30 bin/eeprom.o
                0x0800bbc4                eepromReadBuffer
 .text.eepromWriteBuffer
                0x0800bbf4       0x54 bin/eeprom.o
                0x0800bbf4                eepromWriteBuffer
 .text.piezoInit
                0x0800bc48      0x108 bin/piezo.o
                0x0800bc48                piezoInit
 .text.piezoSetRatio
                0x0800bd50       0x20 bin/piezo.o
                0x0800bd50                piezoSetRatio
 .text.piezoSetFreq
                0x0800bd70       0x18 bin/piezo.o
                0x0800bd70                piezoSetFreq
 .text.uartDmaInit
                0x0800bd88       0x74 bin/uart_syslink.o
                0x0800bd88                uartDmaInit
 .text.uartInit
                0x0800bdfc      0x144 bin/uart_syslink.o
                0x0800bdfc                uartInit
 .text.uartGetDataWithTimout
                0x0800bf40       0x20 bin/uart_syslink.o
                0x0800bf40                uartGetDataWithTimout
 .text.uartSendData
                0x0800bf60       0x28 bin/uart_syslink.o
                0x0800bf60                uartSendData
 .text.uartPutchar
                0x0800bf88       0x18 bin/uart_syslink.o
                0x0800bf88                uartPutchar
 .text.uartSendDataDmaBlocking
                0x0800bfa0       0x84 bin/uart_syslink.o
                0x0800bfa0                uartSendDataDmaBlocking
 .text.uartDmaIsr
                0x0800c024       0x58 bin/uart_syslink.o
                0x0800c024                uartDmaIsr
 .text.uartIsr  0x0800c07c       0x9c bin/uart_syslink.o
                0x0800c07c                uartIsr
 .text.uartTxenFlowctrlIsr
                0x0800c118       0xb4 bin/uart_syslink.o
                0x0800c118                uartTxenFlowctrlIsr
 .text.USBD_USR_Init
                0x0800c1cc        0x2 bin/usbd_usr.o
                0x0800c1cc                USBD_USR_Init
 .text.USBD_USR_DeviceReset
                0x0800c1ce        0x2 bin/usbd_usr.o
                0x0800c1ce                USBD_USR_DeviceReset
 .text.USBD_USR_DeviceConfigured
                0x0800c1d0        0x2 bin/usbd_usr.o
                0x0800c1d0                USBD_USR_DeviceConfigured
 .text.USBD_USR_DeviceSuspended
                0x0800c1d2        0x2 bin/usbd_usr.o
                0x0800c1d2                USBD_USR_DeviceSuspended
 .text.USBD_USR_DeviceResumed
                0x0800c1d4        0x2 bin/usbd_usr.o
                0x0800c1d4                USBD_USR_DeviceResumed
 .text.USBD_USR_DeviceConnected
                0x0800c1d6        0x2 bin/usbd_usr.o
                0x0800c1d6                USBD_USR_DeviceConnected
 .text.USBD_USR_DeviceDisconnected
                0x0800c1d8        0x2 bin/usbd_usr.o
                0x0800c1d8                USBD_USR_DeviceDisconnected
 *fill*         0x0800c1da        0x2 
 .text.USB_OTG_BSP_Init
                0x0800c1dc       0x90 bin/usb_bsp.o
                0x0800c1dc                USB_OTG_BSP_Init
 .text.USB_OTG_BSP_EnableInterrupt
                0x0800c26c       0x2c bin/usb_bsp.o
                0x0800c26c                USB_OTG_BSP_EnableInterrupt
 .text.USB_OTG_BSP_uDelay
                0x0800c298       0x14 bin/usb_bsp.o
                0x0800c298                USB_OTG_BSP_uDelay
 .text.USB_OTG_BSP_mDelay
                0x0800c2ac        0xa bin/usb_bsp.o
                0x0800c2ac                USB_OTG_BSP_mDelay
 .text.usblinkSetEnable
                0x0800c2b6        0x4 bin/usblink.o
 *fill*         0x0800c2ba        0x2 
 .text.usblinkTask
                0x0800c2bc       0x3c bin/usblink.o
 .text.usblinkReceiveCRTPPacket
                0x0800c2f8       0x2c bin/usblink.o
 .text.usblinkSendPacket
                0x0800c324       0x50 bin/usblink.o
 .text.usblinkInit
                0x0800c374       0x4c bin/usblink.o
                0x0800c374                usblinkInit
 .text.usblinkGetLink
                0x0800c3c0        0x8 bin/usblink.o
                0x0800c3c0                usblinkGetLink
 .text.USBD_USR_DeviceDescriptor
                0x0800c3c8        0xc bin/usbd_desc.o
                0x0800c3c8                USBD_USR_DeviceDescriptor
 .text.USBD_USR_LangIDStrDescriptor
                0x0800c3d4        0xc bin/usbd_desc.o
                0x0800c3d4                USBD_USR_LangIDStrDescriptor
 .text.USBD_USR_ManufacturerStrDescriptor
                0x0800c3e0       0x1c bin/usbd_desc.o
                0x0800c3e0                USBD_USR_ManufacturerStrDescriptor
 .text.USBD_USR_SerialStrDescriptor
                0x0800c3fc       0x54 bin/usbd_desc.o
                0x0800c3fc                USBD_USR_SerialStrDescriptor
 .text.USBD_USR_ProductStrDescriptor
                0x0800c450       0x24 bin/usbd_desc.o
                0x0800c450                USBD_USR_ProductStrDescriptor
 .text.USBD_USR_ConfigStrDescriptor
                0x0800c474       0x1c bin/usbd_desc.o
                0x0800c474                USBD_USR_ConfigStrDescriptor
 .text.USBD_USR_InterfaceStrDescriptor
                0x0800c490       0x24 bin/usbd_desc.o
                0x0800c490                USBD_USR_InterfaceStrDescriptor
 .text.usbd_cf_GetCfgDesc
                0x0800c4b4        0xc bin/usb.o
 .text.usbd_cf_DataOut
                0x0800c4c0       0x40 bin/usb.o
 .text.usbd_cf_DeInit
                0x0800c500       0x16 bin/usb.o
 *fill*         0x0800c516        0x2 
 .text.usbd_cf_Init
                0x0800c518       0x30 bin/usb.o
 .text.usbd_cf_SOF
                0x0800c548       0x38 bin/usb.o
 .text.usbd_cf_DataIn
                0x0800c580       0x38 bin/usb.o
 .text.usbd_cf_Setup
                0x0800c5b8       0x24 bin/usb.o
 .text.usbInit  0x0800c5dc       0x58 bin/usb.o
                0x0800c5dc                usbInit
 .text.usbGetDataBlocking
                0x0800c634       0x20 bin/usb.o
                0x0800c634                usbGetDataBlocking
 .text.usbSendData
                0x0800c654       0x30 bin/usb.o
                0x0800c654                usbSendData
 .text.nopFunc  0x0800c684        0x4 bin/crtp.o
 .text.crtpRxTask
                0x0800c688       0x60 bin/crtp.o
 .text.crtpTxTask
                0x0800c6e8       0x30 bin/crtp.o
 .text.crtpInit
                0x0800c718       0x74 bin/crtp.o
                0x0800c718                crtpInit
 .text.crtpTest
                0x0800c78c        0xc bin/crtp.o
                0x0800c78c                crtpTest
 .text.crtpInitTaskQueue
                0x0800c798       0x34 bin/crtp.o
                0x0800c798                crtpInitTaskQueue
 .text.crtpReceivePacketBlock
                0x0800c7cc       0x4c bin/crtp.o
                0x0800c7cc                crtpReceivePacketBlock
 .text.crtpGetFreeTxQueuePackets
                0x0800c818       0x14 bin/crtp.o
                0x0800c818                crtpGetFreeTxQueuePackets
 .text.crtpRegisterPortCB
                0x0800c82c       0x10 bin/crtp.o
                0x0800c82c                crtpRegisterPortCB
 .text.crtpSendPacket
                0x0800c83c       0x30 bin/crtp.o
                0x0800c83c                crtpSendPacket
 .text.crtpReset
                0x0800c86c       0x24 bin/crtp.o
                0x0800c86c                crtpReset
 .text.crtpIsConnected
                0x0800c890       0x14 bin/crtp.o
                0x0800c890                crtpIsConnected
 .text.crtpSetLink
                0x0800c8a4       0x30 bin/crtp.o
                0x0800c8a4                crtpSetLink
 .text.updateActive
                0x0800c8d4       0x3c bin/ledseq.o
 .text.runLedseq
                0x0800c910       0xd0 bin/ledseq.o
 .text.ledseqInit
                0x0800c9e0       0x98 bin/ledseq.o
                0x0800c9e0                ledseqInit
 .text.ledseqTest
                0x0800ca78       0x1c bin/ledseq.o
                0x0800ca78                ledseqTest
 .text.ledseqRun
                0x0800ca94       0x78 bin/ledseq.o
                0x0800ca94                ledseqRun
 .text.ledseqSetTimes
                0x0800cb0c        0x6 bin/ledseq.o
                0x0800cb0c                ledseqSetTimes
 *fill*         0x0800cb12        0x2 
 .text.ledseqStop
                0x0800cb14       0x68 bin/ledseq.o
                0x0800cb14                ledseqStop
 .text.vApplicationMallocFailedHook
                0x0800cb7c       0x28 bin/freeRTOSdebug.o
                0x0800cb7c                vApplicationMallocFailedHook
 .text.vApplicationStackOverflowHook
                0x0800cba4       0x28 bin/freeRTOSdebug.o
                0x0800cba4                vApplicationStackOverflowHook
 .text.syslinkTask
                0x0800cbcc      0x100 bin/syslink.o
 .text.syslinkInit
                0x0800cccc       0x58 bin/syslink.o
                0x0800cccc                syslinkInit
 .text.syslinkTest
                0x0800cd24        0xc bin/syslink.o
                0x0800cd24                syslinkTest
 .text.syslinkSendPacket
                0x0800cd30       0x94 bin/syslink.o
                0x0800cd30                syslinkSendPacket
 *fill*         0x0800cdc4        0x4 
 .text.imu6Init
                0x0800cdc8      0x1b0 bin/imu_cf2.o
                0x0800cdc8                imu6Init
 .text.imu6Test
                0x0800cf78       0x3c bin/imu_cf2.o
                0x0800cf78                imu6Test
 .text.imu6Read
                0x0800cfb4      0x330 bin/imu_cf2.o
                0x0800cfb4                imu6Read
 *fill*         0x0800d2e4        0x4 
 .text.imu6ManufacturingTest
                0x0800d2e8      0x148 bin/imu_cf2.o
                0x0800d2e8                imu6ManufacturingTest
 .text.imu6IsCalibrated
                0x0800d430        0xc bin/imu_cf2.o
                0x0800d430                imu6IsCalibrated
 *fill*         0x0800d43c        0x4 
 .text.imu9Read
                0x0800d440       0x90 bin/imu_cf2.o
                0x0800d440                imu9Read
 .text.imuHasBarometer
                0x0800d4d0        0xc bin/imu_cf2.o
                0x0800d4d0                imuHasBarometer
 .text.pmSetBatteryVoltage
                0x0800d4dc       0x34 bin/pm_f405.o
 .text.pmInit   0x0800d510       0x4c bin/pm_f405.o
                0x0800d510                pmInit
 .text.pmTest   0x0800d55c        0xc bin/pm_f405.o
                0x0800d55c                pmTest
 .text.pmSyslinkUpdate
                0x0800d568       0x1c bin/pm_f405.o
                0x0800d568                pmSyslinkUpdate
 .text.pmUpdateState
                0x0800d584       0x40 bin/pm_f405.o
                0x0800d584                pmUpdateState
 *fill*         0x0800d5c4        0x4 
 .text.pmTask   0x0800d5c8      0x138 bin/pm_f405.o
                0x0800d5c8                pmTask
 .text.pmIsDischarging
                0x0800d700       0x14 bin/pm_f405.o
                0x0800d700                pmIsDischarging
 .text.radiolinkSetEnable
                0x0800d714        0x4 bin/radiolink.o
 .text.radiolinkReceiveCRTPPacket
                0x0800d718       0x20 bin/radiolink.o
 .text.radiolinkSendCRTPPacket
                0x0800d738       0x54 bin/radiolink.o
 .text.radiolinkTest
                0x0800d78c        0x4 bin/radiolink.o
                0x0800d78c                radiolinkTest
 .text.radiolinkSetChannel
                0x0800d790       0x1e bin/radiolink.o
                0x0800d790                radiolinkSetChannel
 .text.radiolinkSetDatarate
                0x0800d7ae       0x20 bin/radiolink.o
                0x0800d7ae                radiolinkSetDatarate
 *fill*         0x0800d7ce        0x2 
 .text.radiolinkInit
                0x0800d7d0       0x50 bin/radiolink.o
                0x0800d7d0                radiolinkInit
 .text.radiolinkSyslinkDispatch
                0x0800d820       0x68 bin/radiolink.o
                0x0800d820                radiolinkSyslinkDispatch
 .text.radiolinkGetLink
                0x0800d888        0x8 bin/radiolink.o
                0x0800d888                radiolinkGetLink
 .text.owSyslinkTransfer
                0x0800d890       0x80 bin/ow.o
 .text.owInit   0x0800d910       0x48 bin/ow.o
                0x0800d910                owInit
 .text.owSyslinkRecieve
                0x0800d958       0x40 bin/ow.o
                0x0800d958                owSyslinkRecieve
 .text.owScan   0x0800d998       0x44 bin/ow.o
                0x0800d998                owScan
 .text.owGetinfo
                0x0800d9dc       0x58 bin/ow.o
                0x0800d9dc                owGetinfo
 .text.owTest   0x0800da34       0x9c bin/ow.o
                0x0800da34                owTest
 .text.owRead   0x0800dad0       0xc8 bin/ow.o
                0x0800dad0                owRead
 .text.owWrite  0x0800db98       0xd0 bin/ow.o
                0x0800db98                owWrite
 .text.systemLaunch
                0x0800dc68       0x28 bin/system.o
                0x0800dc68                systemLaunch
 .text.systemInit
                0x0800dc90       0x3c bin/system.o
                0x0800dc90                systemInit
 .text.systemTest
                0x0800dccc       0x20 bin/system.o
                0x0800dccc                systemTest
 .text.systemStart
                0x0800dcec       0x14 bin/system.o
                0x0800dcec                systemStart
 .text.systemTask
                0x0800dd00      0x170 bin/system.o
 .text.systemWaitStart
                0x0800de70       0x38 bin/system.o
                0x0800de70                systemWaitStart
 .text.systemSetCanFly
                0x0800dea8        0xc bin/system.o
                0x0800dea8                systemSetCanFly
 .text.vApplicationIdleHook
                0x0800deb4       0x28 bin/system.o
                0x0800deb4                vApplicationIdleHook
 .text.commInit
                0x0800dedc       0x3c bin/comm.o
                0x0800dedc                commInit
 .text.commTest
                0x0800df18       0x34 bin/comm.o
                0x0800df18                commTest
 .text.consoleSendMessage
                0x0800df4c       0x1c bin/console.o
 .text.consoleInit
                0x0800df68       0x3c bin/console.o
                0x0800df68                consoleInit
 .text.consoleTest
                0x0800dfa4        0xc bin/console.o
                0x0800dfa4                consoleTest
 .text.consolePutchar
                0x0800dfb0       0x78 bin/console.o
                0x0800dfb0                consolePutchar
 .text.pidInit  0x0800e028       0x2c bin/pid.o
                0x0800e028                pidInit
 .text.pidUpdate
                0x0800e054       0x88 bin/pid.o
                0x0800e054                pidUpdate
 .text.pidSetIntegralLimit
                0x0800e0dc        0x4 bin/pid.o
                0x0800e0dc                pidSetIntegralLimit
 .text.pidReset
                0x0800e0e0        0xc bin/pid.o
                0x0800e0e0                pidReset
 .text.pidSetError
                0x0800e0ec        0x4 bin/pid.o
                0x0800e0ec                pidSetError
 .text.pidSetDesired
                0x0800e0f0        0x4 bin/pid.o
                0x0800e0f0                pidSetDesired
 .text.crtpserviceHandler
                0x0800e0f4       0x16 bin/crtpservice.o
                0x0800e0f4                crtpserviceHandler
 *fill*         0x0800e10a        0x2 
 .text.crtpserviceInit
                0x0800e10c       0x20 bin/crtpservice.o
                0x0800e10c                crtpserviceInit
 .text.crtpserviceTest
                0x0800e12c        0xc bin/crtpservice.o
                0x0800e12c                crtpserviceTest
 .text.variableGetIndex
                0x0800e138       0x38 bin/param.o
 .text.paramInit
                0x0800e170       0x8c bin/param.o
                0x0800e170                paramInit
 .text.paramTest
                0x0800e1fc        0xc bin/param.o
                0x0800e1fc                paramTest
 .text.paramTOCProcess
                0x0800e208       0xf0 bin/param.o
                0x0800e208                paramTOCProcess
 .text.paramTask
                0x0800e2f8       0xfc bin/param.o
 .text.memTask  0x0800e3f4      0x198 bin/mem.o
 .text.memInit  0x0800e58c       0x44 bin/mem.o
                0x0800e58c                memInit
 .text.memTest  0x0800e5d0        0xc bin/mem.o
                0x0800e5d0                memTest
 .text.platformserviceHandler
                0x0800e5dc       0x32 bin/platformservice.o
                0x0800e5dc                platformserviceHandler
 *fill*         0x0800e60e        0x2 
 .text.platformserviceInit
                0x0800e610       0x20 bin/platformservice.o
                0x0800e610                platformserviceInit
 .text.platformserviceTest
                0x0800e630        0xc bin/platformservice.o
                0x0800e630                platformserviceTest
 .text.commanderCrtpCB
                0x0800e63c       0x54 bin/commander.o
 .text.commanderInit
                0x0800e690       0x40 bin/commander.o
                0x0800e690                commanderInit
 .text.commanderTest
                0x0800e6d0       0x10 bin/commander.o
                0x0800e6d0                commanderTest
 .text.commanderWatchdog
                0x0800e6e0       0x60 bin/commander.o
                0x0800e6e0                commanderWatchdog
 .text.commanderGetInactivityTime
                0x0800e740       0x14 bin/commander.o
                0x0800e740                commanderGetInactivityTime
 .text.commanderGetRPY
                0x0800e754       0x24 bin/commander.o
                0x0800e754                commanderGetRPY
 .text.commanderGetAltHold
                0x0800e778       0x78 bin/commander.o
                0x0800e778                commanderGetAltHold
 .text.commanderGetRPYType
                0x0800e7f0        0xc bin/commander.o
                0x0800e7f0                commanderGetRPYType
 .text.commanderGetThrust
                0x0800e7fc       0x48 bin/commander.o
                0x0800e7fc                commanderGetThrust
 .text.controllerInit
                0x0800e844       0xe8 bin/controller.o
                0x0800e844                controllerInit
 .text.controllerTest
                0x0800e92c        0xc bin/controller.o
                0x0800e92c                controllerTest
 .text.controllerCorrectRatePID
                0x0800e938      0x110 bin/controller.o
                0x0800e938                controllerCorrectRatePID
 .text.controllerCorrectAttitudePID
                0x0800ea48       0x94 bin/controller.o
                0x0800ea48                controllerCorrectAttitudePID
 .text.controllerResetAllPID
                0x0800eadc       0x44 bin/controller.o
                0x0800eadc                controllerResetAllPID
 .text.controllerGetActuatorOutput
                0x0800eb20       0x20 bin/controller.o
                0x0800eb20                controllerGetActuatorOutput
 .text.sensfusion6Init
                0x0800eb40       0x10 bin/sensfusion6.o
                0x0800eb40                sensfusion6Init
 .text.sensfusion6Test
                0x0800eb50        0xc bin/sensfusion6.o
                0x0800eb50                sensfusion6Test
 *fill*         0x0800eb5c        0x4 
 .text.sensfusion6UpdateQ
                0x0800eb60      0x4d8 bin/sensfusion6.o
                0x0800eb60                sensfusion6UpdateQ
 .text.sensfusion6GetEulerRPY
                0x0800f038      0x1a8 bin/sensfusion6.o
                0x0800f038                sensfusion6GetEulerRPY
 .text.sensfusion6GetAccZWithoutGravity
                0x0800f1e0       0xe0 bin/sensfusion6.o
                0x0800f1e0                sensfusion6GetAccZWithoutGravity
 .text.sensfusion6GetAccXYMag2WRTGravity
                0x0800f2c0      0x144 bin/sensfusion6.o
                0x0800f2c0                sensfusion6GetAccXYMag2WRTGravity
 .text.deadband
                0x0800f404       0x40 bin/stabilizer.o
 .text.distributePower
                0x0800f444       0xd8 bin/stabilizer.o
 .text.stabilizerTask
                0x0800f51c      0x904 bin/stabilizer.o
 .text.stabilizerInit
                0x0800fe20       0x60 bin/stabilizer.o
                0x0800fe20                stabilizerInit
 .text.stabilizerTest
                0x0800fe80       0x1e bin/stabilizer.o
                0x0800fe80                stabilizerTest
 *fill*         0x0800fe9e        0x2 
 .text.buzzTimer
                0x0800fea0       0x28 bin/buzzer.o
 .text.tilt     0x0800fec8       0x84 bin/buzzer.o
 .text.melodyplayer
                0x0800ff4c       0x84 bin/buzzer.o
 .text.siren    0x0800ffd0       0x50 bin/buzzer.o
 .text.move_foot
                0x08010020      0x120 bin/buzzer.o
 .text.bypass   0x08010140      0x37c bin/buzzer.o
 .text.buzzerInit
                0x080104bc       0x54 bin/buzzer.o
                0x080104bc                buzzerInit
 .text.logDeleteBlock
                0x08010510       0x70 bin/log.o
 .text.logStopBlock
                0x08010580       0x3c bin/log.o
 .text.logReset
                0x080105bc       0x58 bin/log.o
 .text.logBlockTimed
                0x08010614       0x18 bin/log.o
                0x08010614                logBlockTimed
 .text.logRunBlock
                0x0801062c      0x140 bin/log.o
                0x0801062c                logRunBlock
 .text.logAppendBlock.constprop.4
                0x0801076c      0x128 bin/log.o
 .text.logTask  0x08010894      0x268 bin/log.o
 .text.logInit  0x08010afc       0xb4 bin/log.o
                0x08010afc                logInit
 .text.logGetVarId
                0x08010bb0       0x58 bin/log.o
                0x08010bb0                logGetVarId
 .text.logGetInt
                0x08010c08       0x6c bin/log.o
                0x08010c08                logGetInt
 .text.logGetFloat
                0x08010c74       0x40 bin/log.o
                0x08010c74                logGetFloat
 .text.workerInit
                0x08010cb4       0x18 bin/worker.o
                0x08010cb4                workerInit
 .text.workerTest
                0x08010ccc       0x10 bin/worker.o
                0x08010ccc                workerTest
 .text.workerLoop
                0x08010cdc       0x2c bin/worker.o
                0x08010cdc                workerLoop
 .text.workerSchedule
                0x08010d08       0x2c bin/worker.o
                0x08010d08                workerSchedule
 .text.whiteSpinEffect
                0x08010d34       0x5c bin/neopixelring.o
 .text.solidColorEffect
                0x08010d90       0x70 bin/neopixelring.o
 .text.boatEffect
                0x08010e00       0x6c bin/neopixelring.o
 .text.colorSpinEffect
                0x08010e6c       0x5c bin/neopixelring.o
 .text.spinEffect2
                0x08010ec8       0x6c bin/neopixelring.o
 .text.doubleSpinEffect
                0x08010f34       0x70 bin/neopixelring.o
 .text.batteryChargeEffect
                0x08010fa4       0xc0 bin/neopixelring.o
 .text.brightnessEffect
                0x08011064      0x134 bin/neopixelring.o
 .text.tiltEffect
                0x08011198      0x39c bin/neopixelring.o
 .text.neopixelringTimer
                0x08011534       0x30 bin/neopixelring.o
 .text.blackEffect
                0x08011564       0x16 bin/neopixelring.o
 *fill*         0x0801157a        0x6 
 .text.ledTestEffect
                0x08011580       0xd0 bin/neopixelring.o
 .text.neopixelringWorker
                0x08011650       0x44 bin/neopixelring.o
                0x08011650                neopixelringWorker
 .text.neopixelringInit
                0x08011694       0x70 bin/neopixelring.o
                0x08011694                neopixelringInit
 .text.expbrdInit
                0x08011704      0x130 bin/expbrd.o
                0x08011704                expbrdInit
 .text.expbrdTest
                0x08011834       0x6c bin/expbrd.o
                0x08011834                expbrdTest
 .text.exptestTestAllPins
                0x080118a0       0x40 bin/exptest.o
 .text.exptestRun
                0x080118e0      0x1a8 bin/exptest.o
                0x080118e0                exptestRun
 .text.iirLPFilterSingle
                0x08011a88       0x2c bin/filter.o
                0x08011a88                iirLPFilterSingle
 .text.assertFail
                0x08011ab4       0x18 bin/cfassert.o
                0x08011ab4                assertFail
 .text.configblockInit
                0x08011acc       0xb0 bin/configblockeeprom.o
                0x08011acc                configblockInit
 .text.configblockTest
                0x08011b7c        0x4 bin/configblockeeprom.o
                0x08011b7c                configblockTest
 .text.configblockGetRadioChannel
                0x08011b80       0x18 bin/configblockeeprom.o
                0x08011b80                configblockGetRadioChannel
 .text.configblockGetRadioSpeed
                0x08011b98       0x14 bin/configblockeeprom.o
                0x08011b98                configblockGetRadioSpeed
 .text.configblockGetCalibPitch
                0x08011bac       0x1c bin/configblockeeprom.o
                0x08011bac                configblockGetCalibPitch
 .text.configblockGetCalibRoll
                0x08011bc8       0x1c bin/configblockeeprom.o
                0x08011bc8                configblockGetCalibRoll
 .text.get_int_len
                0x08011be4       0x14 bin/eprintf.o
                0x08011be4                get_int_len
 .text.itoa     0x08011bf8       0xb8 bin/eprintf.o
 .text.evprintf
                0x08011cb0      0x13c bin/eprintf.o
                0x08011cb0                evprintf
 .text.eprintf  0x08011dec       0x1a bin/eprintf.o
                0x08011dec                eprintf
 *fill*         0x08011e06        0x2 
 .text.crcSlow  0x08011e08       0x6c bin/crc.o
                0x08011e08                crcSlow
 .text.single2half
                0x08011e74       0x50 bin/fp16.o
                0x08011e74                single2half
 .text.cos      0x08011ec4       0x88 /home/bitcraze/bin/gcc-arm-none-eabi/bin/../lib/gcc/arm-none-eabi/4.9.3/../../../../arm-none-eabi/lib/armv7e-m/libm.a(lib_a-s_cos.o)
                0x08011ec4                cos
 .text.sin      0x08011f4c       0x94 /home/bitcraze/bin/gcc-arm-none-eabi/bin/../lib/gcc/arm-none-eabi/4.9.3/../../../../arm-none-eabi/lib/armv7e-m/libm.a(lib_a-s_sin.o)
                0x08011f4c                sin
 .text.tan      0x08011fe0       0x60 /home/bitcraze/bin/gcc-arm-none-eabi/bin/../lib/gcc/arm-none-eabi/4.9.3/../../../../arm-none-eabi/lib/armv7e-m/libm.a(lib_a-s_tan.o)
                0x08011fe0                tan
 .text.asin     0x08012040       0xa8 /home/bitcraze/bin/gcc-arm-none-eabi/bin/../lib/gcc/arm-none-eabi/4.9.3/../../../../arm-none-eabi/lib/armv7e-m/libm.a(lib_a-w_asin.o)
                0x08012040                asin
 .text.atan2    0x080120e8        0x4 /home/bitcraze/bin/gcc-arm-none-eabi/bin/../lib/gcc/arm-none-eabi/4.9.3/../../../../arm-none-eabi/lib/armv7e-m/libm.a(lib_a-w_atan2.o)
                0x080120e8                atan2
 .text.pow      0x080120ec      0x2ec /home/bitcraze/bin/gcc-arm-none-eabi/bin/../lib/gcc/arm-none-eabi/4.9.3/../../../../arm-none-eabi/lib/armv7e-m/libm.a(lib_a-w_pow.o)
                0x080120ec                pow
 .text.sqrt     0x080123d8       0xac /home/bitcraze/bin/gcc-arm-none-eabi/bin/../lib/gcc/arm-none-eabi/4.9.3/../../../../arm-none-eabi/lib/armv7e-m/libm.a(lib_a-w_sqrt.o)
                0x080123d8                sqrt
 *fill*         0x08012484        0x4 
 .text.__ieee754_asin
                0x08012488      0x460 /home/bitcraze/bin/gcc-arm-none-eabi/bin/../lib/gcc/arm-none-eabi/4.9.3/../../../../arm-none-eabi/lib/armv7e-m/libm.a(lib_a-e_asin.o)
                0x08012488                __ieee754_asin
 .text.__ieee754_atan2
                0x080128e8      0x1b8 /home/bitcraze/bin/gcc-arm-none-eabi/bin/../lib/gcc/arm-none-eabi/4.9.3/../../../../arm-none-eabi/lib/armv7e-m/libm.a(lib_a-e_atan2.o)
                0x080128e8                __ieee754_atan2
 .text.__ieee754_pow
                0x08012aa0      0xaa8 /home/bitcraze/bin/gcc-arm-none-eabi/bin/../lib/gcc/arm-none-eabi/4.9.3/../../../../arm-none-eabi/lib/armv7e-m/libm.a(lib_a-e_pow.o)
                0x08012aa0                __ieee754_pow
 .text.__ieee754_rem_pio2